<html>
<body>
<pre>
<h1>礦ision Build Log</h1>
<h2>Project:</h2>
E:\华清\项目\llsl\ARM9\storage 1\Full\project.uvproj
Project File Date:  06/12/2016

<h2>Output:</h2>
Build target 'Full'
compiling main.c...
compiling menu.c...
compiling sensor.c...
compiling device.c...
compiling zigbee.c...
compiling control.c...
compiling tools.c...
compiling timeflag.c...
compiling lpc11c14_it.c...
compiling led_spk_fan.c...
compiling key.c...
compiling seg7led.c...
compiling oled2864.c...
compiling temp_hum.c...
compiling light.c...
compiling acc.c...
compiling rfid.c...
compiling spi_uart.c...
compiling myadc.c...
assembling startup_LPC11xx.s...
compiling core_cm0.c...
compiling system_LPC11xx.c...
compiling clkconfig.c...
compiling gpio.c...
compiling uart.c...
compiling timer32.c...
compiling ssp.c...
compiling i2c.c...
compiling adc.c...
compiling timer16.c...
linking...
Program Size: Code=25540 RO-data=2428 RW-data=656 ZI-data=1408  
FromELF: creating hex file...
".\output\Full.axf" - 0 Error(s), 0 Warning(s).
