<!doctype html public "-//w3c//dtd html 4.0 transitional//en">
<html><head>
<title>Static Call Graph - [.\output\Full.axf]</title></head>
<body><HR>
<H1>Static Call Graph for image .\output\Full.axf</H1><HR>
<BR><P>#&#060CALLGRAPH&#062# ARM Linker, 4.1 [Build 567]: Last Updated: Sun Jun 12 11:07:16 2016
<BR><P>
<H3>Maximum Stack Usage =        300 bytes + Unknown(Cycles, Untraceable Function Pointers)</H3><H3>
Call chain for Maximum Stack Depth:</H3>
main &rArr; Control &rArr; RefreshEnvDisp &rArr; Dis_Menu &rArr; OLED_DisStrLine &rArr; OLED_DisChar &rArr; Set_Start_Column &rArr; Write_Command &rArr; GPIOSetValue
<P>
<H3>
Mutually Recursive functions
</H3> <LI><a href="#[1]">NMI_Handler</a>&nbsp;&nbsp;&nbsp;&rArr;&nbsp;&nbsp;&nbsp;<a href="#[1]">NMI_Handler</a><BR>
 <LI><a href="#[2]">HardFault_Handler</a>&nbsp;&nbsp;&nbsp;&rArr;&nbsp;&nbsp;&nbsp;<a href="#[2]">HardFault_Handler</a><BR>
 <LI><a href="#[3]">MemManage_Handler</a>&nbsp;&nbsp;&nbsp;&rArr;&nbsp;&nbsp;&nbsp;<a href="#[3]">MemManage_Handler</a><BR>
 <LI><a href="#[4]">BusFault_Handler</a>&nbsp;&nbsp;&nbsp;&rArr;&nbsp;&nbsp;&nbsp;<a href="#[4]">BusFault_Handler</a><BR>
 <LI><a href="#[5]">UsageFault_Handler</a>&nbsp;&nbsp;&nbsp;&rArr;&nbsp;&nbsp;&nbsp;<a href="#[5]">UsageFault_Handler</a><BR>
 <LI><a href="#[6]">SVC_Handler</a>&nbsp;&nbsp;&nbsp;&rArr;&nbsp;&nbsp;&nbsp;<a href="#[6]">SVC_Handler</a><BR>
 <LI><a href="#[7]">DebugMon_Handler</a>&nbsp;&nbsp;&nbsp;&rArr;&nbsp;&nbsp;&nbsp;<a href="#[7]">DebugMon_Handler</a><BR>
 <LI><a href="#[8]">PendSV_Handler</a>&nbsp;&nbsp;&nbsp;&rArr;&nbsp;&nbsp;&nbsp;<a href="#[8]">PendSV_Handler</a><BR>
 <LI><a href="#[9]">SysTick_Handler</a>&nbsp;&nbsp;&nbsp;&rArr;&nbsp;&nbsp;&nbsp;<a href="#[9]">SysTick_Handler</a><BR>
 <LI><a href="#[16]">ADC_IRQHandler</a>&nbsp;&nbsp;&nbsp;&rArr;&nbsp;&nbsp;&nbsp;<a href="#[16]">ADC_IRQHandler</a><BR>
</UL>
<P>
<H3>
Function Pointers
</H3><UL>
 <LI><a href="#[16]">ADC_IRQHandler</a> from startup_lpc11xx.o(.text) referenced from startup_lpc11xx.o(RESET)
 <LI><a href="#[18]">BOD_IRQHandler</a> from startup_lpc11xx.o(.text) referenced from startup_lpc11xx.o(RESET)
 <LI><a href="#[4]">BusFault_Handler</a> from startup_lpc11xx.o(.text) referenced from startup_lpc11xx.o(RESET)
 <LI><a href="#[b]">CAN_IRQHandler</a> from startup_lpc11xx.o(.text) referenced from startup_lpc11xx.o(RESET)
 <LI><a href="#[7]">DebugMon_Handler</a> from startup_lpc11xx.o(.text) referenced from startup_lpc11xx.o(RESET)
 <LI><a href="#[19]">FMC_IRQHandler</a> from startup_lpc11xx.o(.text) referenced from startup_lpc11xx.o(RESET)
 <LI><a href="#[2]">HardFault_Handler</a> from startup_lpc11xx.o(.text) referenced from startup_lpc11xx.o(RESET)
 <LI><a href="#[d]">I2C_IRQHandler</a> from i2c.o(.text) referenced from startup_lpc11xx.o(RESET)
 <LI><a href="#[3]">MemManage_Handler</a> from startup_lpc11xx.o(.text) referenced from startup_lpc11xx.o(RESET)
 <LI><a href="#[1]">NMI_Handler</a> from startup_lpc11xx.o(.text) referenced from startup_lpc11xx.o(RESET)
 <LI><a href="#[1d]">PIOINT0_IRQHandler</a> from lpc11c14_it.o(.text) referenced from startup_lpc11xx.o(RESET)
 <LI><a href="#[1c]">PIOINT1_IRQHandler</a> from lpc11c14_it.o(.text) referenced from startup_lpc11xx.o(RESET)
 <LI><a href="#[1b]">PIOINT2_IRQHandler</a> from lpc11c14_it.o(.text) referenced from startup_lpc11xx.o(RESET)
 <LI><a href="#[1a]">PIOINT3_IRQHandler</a> from lpc11c14_it.o(.text) referenced from startup_lpc11xx.o(RESET)
 <LI><a href="#[8]">PendSV_Handler</a> from startup_lpc11xx.o(.text) referenced from startup_lpc11xx.o(RESET)
 <LI><a href="#[0]">Reset_Handler</a> from startup_lpc11xx.o(.text) referenced from startup_lpc11xx.o(RESET)
 <LI><a href="#[12]">SSP0_IRQHandler</a> from ssp.o(.text) referenced from startup_lpc11xx.o(RESET)
 <LI><a href="#[c]">SSP1_IRQHandler</a> from ssp.o(.text) referenced from startup_lpc11xx.o(RESET)
 <LI><a href="#[6]">SVC_Handler</a> from startup_lpc11xx.o(.text) referenced from startup_lpc11xx.o(RESET)
 <LI><a href="#[9]">SysTick_Handler</a> from startup_lpc11xx.o(.text) referenced from startup_lpc11xx.o(RESET)
 <LI><a href="#[e]">TIMER16_0_IRQHandler</a> from timer16.o(.text) referenced from startup_lpc11xx.o(RESET)
 <LI><a href="#[f]">TIMER16_1_IRQHandler</a> from timer16.o(.text) referenced from startup_lpc11xx.o(RESET)
 <LI><a href="#[10]">TIMER32_0_IRQHandler</a> from timer32.o(.text) referenced from startup_lpc11xx.o(RESET)
 <LI><a href="#[11]">TIMER32_1_IRQHandler</a> from timer32.o(.text) referenced from startup_lpc11xx.o(RESET)
 <LI><a href="#[13]">UART_IRQHandler</a> from uart.o(.text) referenced from startup_lpc11xx.o(RESET)
 <LI><a href="#[15]">USB_FIQHandler</a> from startup_lpc11xx.o(.text) referenced from startup_lpc11xx.o(RESET)
 <LI><a href="#[14]">USB_IRQHandler</a> from startup_lpc11xx.o(.text) referenced from startup_lpc11xx.o(RESET)
 <LI><a href="#[5]">UsageFault_Handler</a> from startup_lpc11xx.o(.text) referenced from startup_lpc11xx.o(RESET)
 <LI><a href="#[a]">WAKEUP_IRQHandler</a> from startup_lpc11xx.o(.text) referenced 13 times from startup_lpc11xx.o(RESET)
 <LI><a href="#[17]">WDT_IRQHandler</a> from startup_lpc11xx.o(.text) referenced from startup_lpc11xx.o(RESET)
 <LI><a href="#[1f]">__main</a> from entry.o(.ARM.Collect$$$$00000000) referenced from startup_lpc11xx.o(.text)
 <LI><a href="#[20]">_snputc</a> from printfa.o(i._snputc) referenced from printfa.o(i.__0snprintf)
 <LI><a href="#[20]">_snputc</a> from printfa.o(i._snputc) referenced from printfa.o(i.__0vsnprintf)
 <LI><a href="#[1e]">main</a> from main.o(.text) referenced from entry7.o(.ARM.Collect$$$$00000007)
</UL>
<P>
<H3>
Global Symbols
</H3>
<P><STRONG><a name="[1f]"></a>__main</STRONG> (Thumb, 0 bytes, Stack size unknown bytes, entry.o(.ARM.Collect$$$$00000000))
<BR>[Address Reference Count : 1]<UL><LI> startup_lpc11xx.o(.text)
</UL>
<P><STRONG><a name="[10e]"></a>_main_stk</STRONG> (Thumb, 0 bytes, Stack size unknown bytes, entry2.o(.ARM.Collect$$$$00000001))

<P><STRONG><a name="[21]"></a>_main_scatterload</STRONG> (Thumb, 0 bytes, Stack size unknown bytes, entry5.o(.ARM.Collect$$$$00000004))
<BR><BR>[Calls]<UL><LI><a href="#[22]">&gt;&gt;</a>&nbsp;&nbsp;&nbsp;__scatterload
</UL>

<P><STRONG><a name="[ff]"></a>__main_after_scatterload</STRONG> (Thumb, 0 bytes, Stack size unknown bytes, entry5.o(.ARM.Collect$$$$00000004))
<BR><BR>[Called By]<UL><LI><a href="#[22]">&gt;&gt;</a>&nbsp;&nbsp;&nbsp;__scatterload
</UL>

<P><STRONG><a name="[10f]"></a>_main_init</STRONG> (Thumb, 0 bytes, Stack size unknown bytes, entry7.o(.ARM.Collect$$$$00000007))

<P><STRONG><a name="[110]"></a>sure</STRONG> (Thumb, 30 bytes, Stack size 0 bytes, main.o(.text), UNUSED)

<P><STRONG><a name="[23]"></a>InitSys</STRONG> (Thumb, 56 bytes, Stack size 8 bytes, main.o(.text))
<BR><BR>[Stack]<UL><LI>Max Depth = 44<LI>Call Chain = InitSys &rArr; UARTInit &rArr; __aeabi_uidivmod
</UL>
<BR>[Calls]<UL><LI><a href="#[27]">&gt;&gt;</a>&nbsp;&nbsp;&nbsp;init_timer32
<LI><a href="#[29]">&gt;&gt;</a>&nbsp;&nbsp;&nbsp;enable_timer32
<LI><a href="#[2a]">&gt;&gt;</a>&nbsp;&nbsp;&nbsp;UARTInit
<LI><a href="#[24]">&gt;&gt;</a>&nbsp;&nbsp;&nbsp;SystemInit
<LI><a href="#[26]">&gt;&gt;</a>&nbsp;&nbsp;&nbsp;InitDelay
<LI><a href="#[25]">&gt;&gt;</a>&nbsp;&nbsp;&nbsp;GPIOInit
<LI><a href="#[28]">&gt;&gt;</a>&nbsp;&nbsp;&nbsp;NVIC_SetPriority
</UL>
<BR>[Called By]<UL><LI><a href="#[1e]">&gt;&gt;</a>&nbsp;&nbsp;&nbsp;main
</UL>

<P><STRONG><a name="[1e]"></a>main</STRONG> (Thumb, 52 bytes, Stack size 0 bytes, main.o(.text))
<BR><BR>[Stack]<UL><LI>Max Depth = 300<LI>Call Chain = main &rArr; Control &rArr; RefreshEnvDisp &rArr; Dis_Menu &rArr; OLED_DisStrLine &rArr; OLED_DisChar &rArr; Set_Start_Column &rArr; Write_Command &rArr; GPIOSetValue
</UL>
<BR>[Calls]<UL><LI><a href="#[32]">&gt;&gt;</a>&nbsp;&nbsp;&nbsp;SendEnvMsg
<LI><a href="#[2f]">&gt;&gt;</a>&nbsp;&nbsp;&nbsp;ScanTimeFlag
<LI><a href="#[30]">&gt;&gt;</a>&nbsp;&nbsp;&nbsp;ScanAllSensor
<LI><a href="#[2b]">&gt;&gt;</a>&nbsp;&nbsp;&nbsp;InitTimeFlag
<LI><a href="#[2e]">&gt;&gt;</a>&nbsp;&nbsp;&nbsp;InitControl
<LI><a href="#[2c]">&gt;&gt;</a>&nbsp;&nbsp;&nbsp;InitAllSensor
<LI><a href="#[2d]">&gt;&gt;</a>&nbsp;&nbsp;&nbsp;InitAllDevice
<LI><a href="#[31]">&gt;&gt;</a>&nbsp;&nbsp;&nbsp;DealA8Cmd
<LI><a href="#[33]">&gt;&gt;</a>&nbsp;&nbsp;&nbsp;Control
<LI><a href="#[23]">&gt;&gt;</a>&nbsp;&nbsp;&nbsp;InitSys
</UL>
<BR>[Address Reference Count : 1]<UL><LI> entry7.o(.ARM.Collect$$$$00000007)
</UL>
<P><STRONG><a name="[34]"></a>Dis_Menu</STRONG> (Thumb, 206 bytes, Stack size 32 bytes, menu.o(.text))
<BR><BR>[Stack]<UL><LI>Max Depth = 132<LI>Call Chain = Dis_Menu &rArr; OLED_DisStrLine &rArr; OLED_DisChar &rArr; Set_Start_Column &rArr; Write_Command &rArr; GPIOSetValue
</UL>
<BR>[Calls]<UL><LI><a href="#[36]">&gt;&gt;</a>&nbsp;&nbsp;&nbsp;OLED_DisStrLine
<LI><a href="#[37]">&gt;&gt;</a>&nbsp;&nbsp;&nbsp;OLED_DisChar
<LI><a href="#[35]">&gt;&gt;</a>&nbsp;&nbsp;&nbsp;__aeabi_idivmod
</UL>
<BR>[Called By]<UL><LI><a href="#[69]">&gt;&gt;</a>&nbsp;&nbsp;&nbsp;RefreshStoDisp
<LI><a href="#[5d]">&gt;&gt;</a>&nbsp;&nbsp;&nbsp;RefreshEnvDisp
</UL>

<P><STRONG><a name="[0]"></a>Reset_Handler</STRONG> (Thumb, 4 bytes, Stack size 0 bytes, startup_lpc11xx.o(.text))
<BR>[Address Reference Count : 1]<UL><LI> startup_lpc11xx.o(RESET)
</UL>
<P><STRONG><a name="[1]"></a>NMI_Handler</STRONG> (Thumb, 2 bytes, Stack size 0 bytes, startup_lpc11xx.o(.text))
<BR><BR>[Calls]<UL><LI><a href="#[1]">&gt;&gt;</a>&nbsp;&nbsp;&nbsp;NMI_Handler
</UL>
<BR>[Called By]<UL><LI><a href="#[1]">&gt;&gt;</a>&nbsp;&nbsp;&nbsp;NMI_Handler
</UL>
<BR>[Address Reference Count : 1]<UL><LI> startup_lpc11xx.o(RESET)
</UL>
<P><STRONG><a name="[2]"></a>HardFault_Handler</STRONG> (Thumb, 2 bytes, Stack size 0 bytes, startup_lpc11xx.o(.text))
<BR><BR>[Calls]<UL><LI><a href="#[2]">&gt;&gt;</a>&nbsp;&nbsp;&nbsp;HardFault_Handler
</UL>
<BR>[Called By]<UL><LI><a href="#[2]">&gt;&gt;</a>&nbsp;&nbsp;&nbsp;HardFault_Handler
</UL>
<BR>[Address Reference Count : 1]<UL><LI> startup_lpc11xx.o(RESET)
</UL>
<P><STRONG><a name="[3]"></a>MemManage_Handler</STRONG> (Thumb, 2 bytes, Stack size 0 bytes, startup_lpc11xx.o(.text))
<BR><BR>[Calls]<UL><LI><a href="#[3]">&gt;&gt;</a>&nbsp;&nbsp;&nbsp;MemManage_Handler
</UL>
<BR>[Called By]<UL><LI><a href="#[3]">&gt;&gt;</a>&nbsp;&nbsp;&nbsp;MemManage_Handler
</UL>
<BR>[Address Reference Count : 1]<UL><LI> startup_lpc11xx.o(RESET)
</UL>
<P><STRONG><a name="[4]"></a>BusFault_Handler</STRONG> (Thumb, 2 bytes, Stack size 0 bytes, startup_lpc11xx.o(.text))
<BR><BR>[Calls]<UL><LI><a href="#[4]">&gt;&gt;</a>&nbsp;&nbsp;&nbsp;BusFault_Handler
</UL>
<BR>[Called By]<UL><LI><a href="#[4]">&gt;&gt;</a>&nbsp;&nbsp;&nbsp;BusFault_Handler
</UL>
<BR>[Address Reference Count : 1]<UL><LI> startup_lpc11xx.o(RESET)
</UL>
<P><STRONG><a name="[5]"></a>UsageFault_Handler</STRONG> (Thumb, 2 bytes, Stack size 0 bytes, startup_lpc11xx.o(.text))
<BR><BR>[Calls]<UL><LI><a href="#[5]">&gt;&gt;</a>&nbsp;&nbsp;&nbsp;UsageFault_Handler
</UL>
<BR>[Called By]<UL><LI><a href="#[5]">&gt;&gt;</a>&nbsp;&nbsp;&nbsp;UsageFault_Handler
</UL>
<BR>[Address Reference Count : 1]<UL><LI> startup_lpc11xx.o(RESET)
</UL>
<P><STRONG><a name="[6]"></a>SVC_Handler</STRONG> (Thumb, 2 bytes, Stack size 0 bytes, startup_lpc11xx.o(.text))
<BR><BR>[Calls]<UL><LI><a href="#[6]">&gt;&gt;</a>&nbsp;&nbsp;&nbsp;SVC_Handler
</UL>
<BR>[Called By]<UL><LI><a href="#[6]">&gt;&gt;</a>&nbsp;&nbsp;&nbsp;SVC_Handler
</UL>
<BR>[Address Reference Count : 1]<UL><LI> startup_lpc11xx.o(RESET)
</UL>
<P><STRONG><a name="[7]"></a>DebugMon_Handler</STRONG> (Thumb, 2 bytes, Stack size 0 bytes, startup_lpc11xx.o(.text))
<BR><BR>[Calls]<UL><LI><a href="#[7]">&gt;&gt;</a>&nbsp;&nbsp;&nbsp;DebugMon_Handler
</UL>
<BR>[Called By]<UL><LI><a href="#[7]">&gt;&gt;</a>&nbsp;&nbsp;&nbsp;DebugMon_Handler
</UL>
<BR>[Address Reference Count : 1]<UL><LI> startup_lpc11xx.o(RESET)
</UL>
<P><STRONG><a name="[8]"></a>PendSV_Handler</STRONG> (Thumb, 2 bytes, Stack size 0 bytes, startup_lpc11xx.o(.text))
<BR><BR>[Calls]<UL><LI><a href="#[8]">&gt;&gt;</a>&nbsp;&nbsp;&nbsp;PendSV_Handler
</UL>
<BR>[Called By]<UL><LI><a href="#[8]">&gt;&gt;</a>&nbsp;&nbsp;&nbsp;PendSV_Handler
</UL>
<BR>[Address Reference Count : 1]<UL><LI> startup_lpc11xx.o(RESET)
</UL>
<P><STRONG><a name="[9]"></a>SysTick_Handler</STRONG> (Thumb, 2 bytes, Stack size 0 bytes, startup_lpc11xx.o(.text))
<BR><BR>[Calls]<UL><LI><a href="#[9]">&gt;&gt;</a>&nbsp;&nbsp;&nbsp;SysTick_Handler
</UL>
<BR>[Called By]<UL><LI><a href="#[9]">&gt;&gt;</a>&nbsp;&nbsp;&nbsp;SysTick_Handler
</UL>
<BR>[Address Reference Count : 1]<UL><LI> startup_lpc11xx.o(RESET)
</UL>
<P><STRONG><a name="[16]"></a>ADC_IRQHandler</STRONG> (Thumb, 0 bytes, Stack size 0 bytes, startup_lpc11xx.o(.text))
<BR><BR>[Calls]<UL><LI><a href="#[16]">&gt;&gt;</a>&nbsp;&nbsp;&nbsp;ADC_IRQHandler
</UL>
<BR>[Called By]<UL><LI><a href="#[16]">&gt;&gt;</a>&nbsp;&nbsp;&nbsp;ADC_IRQHandler
</UL>
<BR>[Address Reference Count : 1]<UL><LI> startup_lpc11xx.o(RESET)
</UL>
<P><STRONG><a name="[18]"></a>BOD_IRQHandler</STRONG> (Thumb, 0 bytes, Stack size 0 bytes, startup_lpc11xx.o(.text))
<BR>[Address Reference Count : 1]<UL><LI> startup_lpc11xx.o(RESET)
</UL>
<P><STRONG><a name="[b]"></a>CAN_IRQHandler</STRONG> (Thumb, 0 bytes, Stack size 0 bytes, startup_lpc11xx.o(.text))
<BR>[Address Reference Count : 1]<UL><LI> startup_lpc11xx.o(RESET)
</UL>
<P><STRONG><a name="[19]"></a>FMC_IRQHandler</STRONG> (Thumb, 0 bytes, Stack size 0 bytes, startup_lpc11xx.o(.text))
<BR>[Address Reference Count : 1]<UL><LI> startup_lpc11xx.o(RESET)
</UL>
<P><STRONG><a name="[15]"></a>USB_FIQHandler</STRONG> (Thumb, 0 bytes, Stack size 0 bytes, startup_lpc11xx.o(.text))
<BR>[Address Reference Count : 1]<UL><LI> startup_lpc11xx.o(RESET)
</UL>
<P><STRONG><a name="[14]"></a>USB_IRQHandler</STRONG> (Thumb, 0 bytes, Stack size 0 bytes, startup_lpc11xx.o(.text))
<BR>[Address Reference Count : 1]<UL><LI> startup_lpc11xx.o(RESET)
</UL>
<P><STRONG><a name="[a]"></a>WAKEUP_IRQHandler</STRONG> (Thumb, 0 bytes, Stack size 0 bytes, startup_lpc11xx.o(.text))
<BR>[Address Reference Count : 1]<UL><LI> startup_lpc11xx.o(RESET)
</UL>
<P><STRONG><a name="[17]"></a>WDT_IRQHandler</STRONG> (Thumb, 0 bytes, Stack size 0 bytes, startup_lpc11xx.o(.text))
<BR>[Address Reference Count : 1]<UL><LI> startup_lpc11xx.o(RESET)
</UL>
<P><STRONG><a name="[111]"></a>__aeabi_uidiv</STRONG> (Thumb, 0 bytes, Stack size 12 bytes, uidiv.o(.text), UNUSED)

<P><STRONG><a name="[5f]"></a>__aeabi_uidivmod</STRONG> (Thumb, 44 bytes, Stack size 12 bytes, uidiv.o(.text))
<BR><BR>[Stack]<UL><LI>Max Depth = 12<LI>Call Chain = __aeabi_uidivmod
</UL>
<BR>[Called By]<UL><LI><a href="#[df]">&gt;&gt;</a>&nbsp;&nbsp;&nbsp;delay32Ms
<LI><a href="#[d9]">&gt;&gt;</a>&nbsp;&nbsp;&nbsp;ADCInit
<LI><a href="#[b6]">&gt;&gt;</a>&nbsp;&nbsp;&nbsp;light_setLoThreshold
<LI><a href="#[b5]">&gt;&gt;</a>&nbsp;&nbsp;&nbsp;light_setHiThreshold
<LI><a href="#[b1]">&gt;&gt;</a>&nbsp;&nbsp;&nbsp;light_read
<LI><a href="#[5d]">&gt;&gt;</a>&nbsp;&nbsp;&nbsp;RefreshEnvDisp
<LI><a href="#[59]">&gt;&gt;</a>&nbsp;&nbsp;&nbsp;SPI752_Init
<LI><a href="#[40]">&gt;&gt;</a>&nbsp;&nbsp;&nbsp;ScanMyAdc
<LI><a href="#[2a]">&gt;&gt;</a>&nbsp;&nbsp;&nbsp;UARTInit
<LI><a href="#[102]">&gt;&gt;</a>&nbsp;&nbsp;&nbsp;_printf_core
<LI><a href="#[35]">&gt;&gt;</a>&nbsp;&nbsp;&nbsp;__aeabi_idivmod
<LI><a href="#[ec]">&gt;&gt;</a>&nbsp;&nbsp;&nbsp;delayMs
<LI><a href="#[eb]">&gt;&gt;</a>&nbsp;&nbsp;&nbsp;ADCInit_NXP
</UL>

<P><STRONG><a name="[112]"></a>__I$use$fp</STRONG> (Thumb, 0 bytes, Stack size unknown bytes, iusefp.o(.text), UNUSED)

<P><STRONG><a name="[113]"></a>__scatterload_null</STRONG> (Thumb, 2 bytes, Stack size unknown bytes, handlers.o(i.__scatterload_null), UNUSED)

<P><STRONG><a name="[2c]"></a>InitAllSensor</STRONG> (Thumb, 36 bytes, Stack size 8 bytes, sensor.o(.text))
<BR><BR>[Stack]<UL><LI>Max Depth = 60<LI>Call Chain = InitAllSensor &rArr; InitLight &rArr; light_shutdown &rArr; readCommandReg &rArr; I2CWrite &rArr; I2CEngine
</UL>
<BR>[Calls]<UL><LI><a href="#[3d]">&gt;&gt;</a>&nbsp;&nbsp;&nbsp;InitRfid
<LI><a href="#[38]">&gt;&gt;</a>&nbsp;&nbsp;&nbsp;InitMyAdc
<LI><a href="#[3a]">&gt;&gt;</a>&nbsp;&nbsp;&nbsp;InitLight
<LI><a href="#[39]">&gt;&gt;</a>&nbsp;&nbsp;&nbsp;InitKey
<LI><a href="#[3c]">&gt;&gt;</a>&nbsp;&nbsp;&nbsp;InitDHT11
<LI><a href="#[3b]">&gt;&gt;</a>&nbsp;&nbsp;&nbsp;InitAxis3
<LI><a href="#[3e]">&gt;&gt;</a>&nbsp;&nbsp;&nbsp;__aeabi_memclr4
</UL>
<BR>[Called By]<UL><LI><a href="#[1e]">&gt;&gt;</a>&nbsp;&nbsp;&nbsp;main
</UL>

<P><STRONG><a name="[30]"></a>ScanAllSensor</STRONG> (Thumb, 36 bytes, Stack size 8 bytes, sensor.o(.text))
<BR><BR>[Stack]<UL><LI>Max Depth = 296<LI>Call Chain = ScanAllSensor &rArr; ScanAxis3 &rArr; DealAxis3 &rArr; asin &rArr; __kernel_poly &rArr; __aeabi_dmul &rArr; _double_epilogue &rArr; __aeabi_llsr
</UL>
<BR>[Calls]<UL><LI><a href="#[43]">&gt;&gt;</a>&nbsp;&nbsp;&nbsp;ScanRfid
<LI><a href="#[40]">&gt;&gt;</a>&nbsp;&nbsp;&nbsp;ScanMyAdc
<LI><a href="#[41]">&gt;&gt;</a>&nbsp;&nbsp;&nbsp;ScanLight
<LI><a href="#[3f]">&gt;&gt;</a>&nbsp;&nbsp;&nbsp;ScanKey
<LI><a href="#[44]">&gt;&gt;</a>&nbsp;&nbsp;&nbsp;ScanBeep
<LI><a href="#[42]">&gt;&gt;</a>&nbsp;&nbsp;&nbsp;ScanAxis3
</UL>
<BR>[Called By]<UL><LI><a href="#[1e]">&gt;&gt;</a>&nbsp;&nbsp;&nbsp;main
</UL>

<P><STRONG><a name="[5a]"></a>SyncData</STRONG> (Thumb, 154 bytes, Stack size 0 bytes, sensor.o(.text))
<BR><BR>[Called By]<UL><LI><a href="#[32]">&gt;&gt;</a>&nbsp;&nbsp;&nbsp;SendEnvMsg
</UL>

<P><STRONG><a name="[2d]"></a>InitAllDevice</STRONG> (Thumb, 62 bytes, Stack size 8 bytes, device.o(.text))
<BR><BR>[Stack]<UL><LI>Max Depth = 76<LI>Call Chain = InitAllDevice &rArr; InitOled &rArr; OLED_Init_I &rArr; Fill_RAM &rArr; Set_Start_Column &rArr; Write_Command &rArr; GPIOSetValue
</UL>
<BR>[Calls]<UL><LI><a href="#[4c]">&gt;&gt;</a>&nbsp;&nbsp;&nbsp;Speaker
<LI><a href="#[4e]">&gt;&gt;</a>&nbsp;&nbsp;&nbsp;Seg7Led_Put
<LI><a href="#[48]">&gt;&gt;</a>&nbsp;&nbsp;&nbsp;Seg7Led_Init
<LI><a href="#[4d]">&gt;&gt;</a>&nbsp;&nbsp;&nbsp;Led1Show
<LI><a href="#[49]">&gt;&gt;</a>&nbsp;&nbsp;&nbsp;InitZigbee
<LI><a href="#[46]">&gt;&gt;</a>&nbsp;&nbsp;&nbsp;InitSpeaker
<LI><a href="#[4a]">&gt;&gt;</a>&nbsp;&nbsp;&nbsp;InitOled
<LI><a href="#[47]">&gt;&gt;</a>&nbsp;&nbsp;&nbsp;InitLed
<LI><a href="#[45]">&gt;&gt;</a>&nbsp;&nbsp;&nbsp;InitFan
<LI><a href="#[4b]">&gt;&gt;</a>&nbsp;&nbsp;&nbsp;FanSpeed
</UL>
<BR>[Called By]<UL><LI><a href="#[1e]">&gt;&gt;</a>&nbsp;&nbsp;&nbsp;main
</UL>

<P><STRONG><a name="[4f]"></a>FanCtrl</STRONG> (Thumb, 108 bytes, Stack size 8 bytes, device.o(.text))
<BR><BR>[Stack]<UL><LI>Max Depth = 28<LI>Call Chain = FanCtrl &rArr; FanSpeed &rArr; GPIOSetValue
</UL>
<BR>[Calls]<UL><LI><a href="#[4b]">&gt;&gt;</a>&nbsp;&nbsp;&nbsp;FanSpeed
</UL>
<BR>[Called By]<UL><LI><a href="#[53]">&gt;&gt;</a>&nbsp;&nbsp;&nbsp;ZigbeeRecv
</UL>

<P><STRONG><a name="[50]"></a>BeepCtrl</STRONG> (Thumb, 72 bytes, Stack size 8 bytes, device.o(.text))
<BR><BR>[Stack]<UL><LI>Max Depth = 28<LI>Call Chain = BeepCtrl &rArr; Speaker &rArr; GPIOSetValue
</UL>
<BR>[Calls]<UL><LI><a href="#[4c]">&gt;&gt;</a>&nbsp;&nbsp;&nbsp;Speaker
</UL>
<BR>[Called By]<UL><LI><a href="#[53]">&gt;&gt;</a>&nbsp;&nbsp;&nbsp;ZigbeeRecv
</UL>

<P><STRONG><a name="[51]"></a>LedCtrl</STRONG> (Thumb, 60 bytes, Stack size 8 bytes, device.o(.text))
<BR><BR>[Stack]<UL><LI>Max Depth = 28<LI>Call Chain = LedCtrl &rArr; Led1Show &rArr; GPIOSetValue
</UL>
<BR>[Calls]<UL><LI><a href="#[4d]">&gt;&gt;</a>&nbsp;&nbsp;&nbsp;Led1Show
</UL>
<BR>[Called By]<UL><LI><a href="#[53]">&gt;&gt;</a>&nbsp;&nbsp;&nbsp;ZigbeeRecv
</UL>

<P><STRONG><a name="[52]"></a>SegCtrl</STRONG> (Thumb, 72 bytes, Stack size 8 bytes, device.o(.text))
<BR><BR>[Stack]<UL><LI>Max Depth = 36<LI>Call Chain = SegCtrl &rArr; Seg7Led_Put &rArr; GPIOSetValue
</UL>
<BR>[Calls]<UL><LI><a href="#[4e]">&gt;&gt;</a>&nbsp;&nbsp;&nbsp;Seg7Led_Put
</UL>
<BR>[Called By]<UL><LI><a href="#[53]">&gt;&gt;</a>&nbsp;&nbsp;&nbsp;ZigbeeRecv
</UL>

<P><STRONG><a name="[44]"></a>ScanBeep</STRONG> (Thumb, 80 bytes, Stack size 8 bytes, device.o(.text))
<BR><BR>[Stack]<UL><LI>Max Depth = 28<LI>Call Chain = ScanBeep &rArr; Speaker &rArr; GPIOSetValue
</UL>
<BR>[Calls]<UL><LI><a href="#[4c]">&gt;&gt;</a>&nbsp;&nbsp;&nbsp;Speaker
</UL>
<BR>[Called By]<UL><LI><a href="#[30]">&gt;&gt;</a>&nbsp;&nbsp;&nbsp;ScanAllSensor
</UL>

<P><STRONG><a name="[53]"></a>ZigbeeRecv</STRONG> (Thumb, 148 bytes, Stack size 16 bytes, zigbee.o(.text))
<BR><BR>[Stack]<UL><LI>Max Depth = 52<LI>Call Chain = ZigbeeRecv &rArr; SegCtrl &rArr; Seg7Led_Put &rArr; GPIOSetValue
</UL>
<BR>[Calls]<UL><LI><a href="#[54]">&gt;&gt;</a>&nbsp;&nbsp;&nbsp;ZigBee_GetChar
<LI><a href="#[52]">&gt;&gt;</a>&nbsp;&nbsp;&nbsp;SegCtrl
<LI><a href="#[51]">&gt;&gt;</a>&nbsp;&nbsp;&nbsp;LedCtrl
<LI><a href="#[50]">&gt;&gt;</a>&nbsp;&nbsp;&nbsp;BeepCtrl
<LI><a href="#[4f]">&gt;&gt;</a>&nbsp;&nbsp;&nbsp;FanCtrl
</UL>
<BR>[Called By]<UL><LI><a href="#[31]">&gt;&gt;</a>&nbsp;&nbsp;&nbsp;DealA8Cmd
</UL>

<P><STRONG><a name="[55]"></a>ZigbeeSend</STRONG> (Thumb, 28 bytes, Stack size 16 bytes, zigbee.o(.text))
<BR><BR>[Stack]<UL><LI>Max Depth = 68<LI>Call Chain = ZigbeeSend &rArr; ZigBee_PutChar &rArr; SPI752_PutChar &rArr; SPI752_RegWrite &rArr; GPIOSetValue
</UL>
<BR>[Calls]<UL><LI><a href="#[56]">&gt;&gt;</a>&nbsp;&nbsp;&nbsp;ZigBee_PutChar
</UL>
<BR>[Called By]<UL><LI><a href="#[5c]">&gt;&gt;</a>&nbsp;&nbsp;&nbsp;SendStoMsg
<LI><a href="#[32]">&gt;&gt;</a>&nbsp;&nbsp;&nbsp;SendEnvMsg
</UL>

<P><STRONG><a name="[49]"></a>InitZigbee</STRONG> (Thumb, 40 bytes, Stack size 8 bytes, zigbee.o(.text))
<BR><BR>[Stack]<UL><LI>Max Depth = 60<LI>Call Chain = InitZigbee &rArr; SPI752_Init &rArr; SPI752_RegWrite &rArr; GPIOSetValue
</UL>
<BR>[Calls]<UL><LI><a href="#[58]">&gt;&gt;</a>&nbsp;&nbsp;&nbsp;SPI_Init
<LI><a href="#[57]">&gt;&gt;</a>&nbsp;&nbsp;&nbsp;SPI_IOConfig
<LI><a href="#[59]">&gt;&gt;</a>&nbsp;&nbsp;&nbsp;SPI752_Init
</UL>
<BR>[Called By]<UL><LI><a href="#[2d]">&gt;&gt;</a>&nbsp;&nbsp;&nbsp;InitAllDevice
</UL>

<P><STRONG><a name="[31]"></a>DealA8Cmd</STRONG> (Thumb, 30 bytes, Stack size 16 bytes, control.o(.text))
<BR><BR>[Stack]<UL><LI>Max Depth = 68<LI>Call Chain = DealA8Cmd &rArr; ZigbeeRecv &rArr; SegCtrl &rArr; Seg7Led_Put &rArr; GPIOSetValue
</UL>
<BR>[Calls]<UL><LI><a href="#[53]">&gt;&gt;</a>&nbsp;&nbsp;&nbsp;ZigbeeRecv
</UL>
<BR>[Called By]<UL><LI><a href="#[1e]">&gt;&gt;</a>&nbsp;&nbsp;&nbsp;main
</UL>

<P><STRONG><a name="[32]"></a>SendEnvMsg</STRONG> (Thumb, 50 bytes, Stack size 32 bytes, control.o(.text))
<BR><BR>[Stack]<UL><LI>Max Depth = 100<LI>Call Chain = SendEnvMsg &rArr; ZigbeeSend &rArr; ZigBee_PutChar &rArr; SPI752_PutChar &rArr; SPI752_RegWrite &rArr; GPIOSetValue
</UL>
<BR>[Calls]<UL><LI><a href="#[55]">&gt;&gt;</a>&nbsp;&nbsp;&nbsp;ZigbeeSend
<LI><a href="#[5a]">&gt;&gt;</a>&nbsp;&nbsp;&nbsp;SyncData
<LI><a href="#[3e]">&gt;&gt;</a>&nbsp;&nbsp;&nbsp;__aeabi_memclr4
<LI><a href="#[5b]">&gt;&gt;</a>&nbsp;&nbsp;&nbsp;__aeabi_memcpy
</UL>
<BR>[Called By]<UL><LI><a href="#[1e]">&gt;&gt;</a>&nbsp;&nbsp;&nbsp;main
</UL>

<P><STRONG><a name="[5c]"></a>SendStoMsg</STRONG> (Thumb, 90 bytes, Stack size 24 bytes, control.o(.text))
<BR><BR>[Stack]<UL><LI>Max Depth = 92<LI>Call Chain = SendStoMsg &rArr; ZigbeeSend &rArr; ZigBee_PutChar &rArr; SPI752_PutChar &rArr; SPI752_RegWrite &rArr; GPIOSetValue
</UL>
<BR>[Calls]<UL><LI><a href="#[55]">&gt;&gt;</a>&nbsp;&nbsp;&nbsp;ZigbeeSend
<LI><a href="#[5b]">&gt;&gt;</a>&nbsp;&nbsp;&nbsp;__aeabi_memcpy
</UL>
<BR>[Called By]<UL><LI><a href="#[33]">&gt;&gt;</a>&nbsp;&nbsp;&nbsp;Control
</UL>

<P><STRONG><a name="[5d]"></a>RefreshEnvDisp</STRONG> (Thumb, 1726 bytes, Stack size 160 bytes, control.o(.text))
<BR><BR>[Stack]<UL><LI>Max Depth = 292<LI>Call Chain = RefreshEnvDisp &rArr; Dis_Menu &rArr; OLED_DisStrLine &rArr; OLED_DisChar &rArr; Set_Start_Column &rArr; Write_Command &rArr; GPIOSetValue
</UL>
<BR>[Calls]<UL><LI><a href="#[60]">&gt;&gt;</a>&nbsp;&nbsp;&nbsp;__aeabi_ui2d
<LI><a href="#[65]">&gt;&gt;</a>&nbsp;&nbsp;&nbsp;__aeabi_f2d
<LI><a href="#[61]">&gt;&gt;</a>&nbsp;&nbsp;&nbsp;__aeabi_dmul
<LI><a href="#[62]">&gt;&gt;</a>&nbsp;&nbsp;&nbsp;__aeabi_ddiv
<LI><a href="#[63]">&gt;&gt;</a>&nbsp;&nbsp;&nbsp;__aeabi_d2uiz
<LI><a href="#[64]">&gt;&gt;</a>&nbsp;&nbsp;&nbsp;__aeabi_cfrcmple
<LI><a href="#[5e]">&gt;&gt;</a>&nbsp;&nbsp;&nbsp;OLED_ClearScreen
<LI><a href="#[34]">&gt;&gt;</a>&nbsp;&nbsp;&nbsp;Dis_Menu
<LI><a href="#[66]">&gt;&gt;</a>&nbsp;&nbsp;&nbsp;__2snprintf
<LI><a href="#[67]">&gt;&gt;</a>&nbsp;&nbsp;&nbsp;strlen
<LI><a href="#[3e]">&gt;&gt;</a>&nbsp;&nbsp;&nbsp;__aeabi_memclr4
<LI><a href="#[68]">&gt;&gt;</a>&nbsp;&nbsp;&nbsp;__aeabi_memcpy4
<LI><a href="#[35]">&gt;&gt;</a>&nbsp;&nbsp;&nbsp;__aeabi_idivmod
<LI><a href="#[5f]">&gt;&gt;</a>&nbsp;&nbsp;&nbsp;__aeabi_uidivmod
</UL>
<BR>[Called By]<UL><LI><a href="#[33]">&gt;&gt;</a>&nbsp;&nbsp;&nbsp;Control
</UL>

<P><STRONG><a name="[69]"></a>RefreshStoDisp</STRONG> (Thumb, 432 bytes, Stack size 136 bytes, control.o(.text))
<BR><BR>[Stack]<UL><LI>Max Depth = 268<LI>Call Chain = RefreshStoDisp &rArr; Dis_Menu &rArr; OLED_DisStrLine &rArr; OLED_DisChar &rArr; Set_Start_Column &rArr; Write_Command &rArr; GPIOSetValue
</UL>
<BR>[Calls]<UL><LI><a href="#[5e]">&gt;&gt;</a>&nbsp;&nbsp;&nbsp;OLED_ClearScreen
<LI><a href="#[34]">&gt;&gt;</a>&nbsp;&nbsp;&nbsp;Dis_Menu
<LI><a href="#[68]">&gt;&gt;</a>&nbsp;&nbsp;&nbsp;__aeabi_memcpy4
<LI><a href="#[35]">&gt;&gt;</a>&nbsp;&nbsp;&nbsp;__aeabi_idivmod
</UL>
<BR>[Called By]<UL><LI><a href="#[33]">&gt;&gt;</a>&nbsp;&nbsp;&nbsp;Control
</UL>

<P><STRONG><a name="[33]"></a>Control</STRONG> (Thumb, 674 bytes, Stack size 8 bytes, control.o(.text))
<BR><BR>[Stack]<UL><LI>Max Depth = 300<LI>Call Chain = Control &rArr; RefreshEnvDisp &rArr; Dis_Menu &rArr; OLED_DisStrLine &rArr; OLED_DisChar &rArr; Set_Start_Column &rArr; Write_Command &rArr; GPIOSetValue
</UL>
<BR>[Calls]<UL><LI><a href="#[6a]">&gt;&gt;</a>&nbsp;&nbsp;&nbsp;UART0_PutChar
<LI><a href="#[69]">&gt;&gt;</a>&nbsp;&nbsp;&nbsp;RefreshStoDisp
<LI><a href="#[5d]">&gt;&gt;</a>&nbsp;&nbsp;&nbsp;RefreshEnvDisp
<LI><a href="#[5c]">&gt;&gt;</a>&nbsp;&nbsp;&nbsp;SendStoMsg
</UL>
<BR>[Called By]<UL><LI><a href="#[1e]">&gt;&gt;</a>&nbsp;&nbsp;&nbsp;main
</UL>

<P><STRONG><a name="[6b]"></a>InitEnvDisp</STRONG> (Thumb, 70 bytes, Stack size 0 bytes, control.o(.text))
<BR><BR>[Called By]<UL><LI><a href="#[2e]">&gt;&gt;</a>&nbsp;&nbsp;&nbsp;InitControl
</UL>

<P><STRONG><a name="[6c]"></a>InitStoDisp</STRONG> (Thumb, 34 bytes, Stack size 0 bytes, control.o(.text))
<BR><BR>[Called By]<UL><LI><a href="#[2e]">&gt;&gt;</a>&nbsp;&nbsp;&nbsp;InitControl
</UL>

<P><STRONG><a name="[2e]"></a>InitControl</STRONG> (Thumb, 40 bytes, Stack size 4 bytes, control.o(.text))
<BR><BR>[Stack]<UL><LI>Max Depth = 4<LI>Call Chain = InitControl
</UL>
<BR>[Calls]<UL><LI><a href="#[6c]">&gt;&gt;</a>&nbsp;&nbsp;&nbsp;InitStoDisp
<LI><a href="#[6b]">&gt;&gt;</a>&nbsp;&nbsp;&nbsp;InitEnvDisp
</UL>
<BR>[Called By]<UL><LI><a href="#[1e]">&gt;&gt;</a>&nbsp;&nbsp;&nbsp;main
</UL>

<P><STRONG><a name="[26]"></a>InitDelay</STRONG> (Thumb, 34 bytes, Stack size 0 bytes, tools.o(.text))
<BR><BR>[Called By]<UL><LI><a href="#[23]">&gt;&gt;</a>&nbsp;&nbsp;&nbsp;InitSys
</UL>

<P><STRONG><a name="[a7]"></a>Delay_us</STRONG> (Thumb, 68 bytes, Stack size 0 bytes, tools.o(.text))
<BR><BR>[Called By]<UL><LI><a href="#[ab]">&gt;&gt;</a>&nbsp;&nbsp;&nbsp;TimeScanDHT11
<LI><a href="#[a8]">&gt;&gt;</a>&nbsp;&nbsp;&nbsp;DHT11_Read_Bit
<LI><a href="#[a6]">&gt;&gt;</a>&nbsp;&nbsp;&nbsp;DHT11_Check
</UL>

<P><STRONG><a name="[cd]"></a>Delay_ms</STRONG> (Thumb, 68 bytes, Stack size 0 bytes, tools.o(.text), UNUSED)
<BR><BR>[Called By]<UL><LI><a href="#[cb]">&gt;&gt;</a>&nbsp;&nbsp;&nbsp;RFID_Operate
</UL>

<P><STRONG><a name="[2b]"></a>InitTimeFlag</STRONG> (Thumb, 38 bytes, Stack size 0 bytes, timeflag.o(.text))
<BR><BR>[Called By]<UL><LI><a href="#[1e]">&gt;&gt;</a>&nbsp;&nbsp;&nbsp;main
</UL>

<P><STRONG><a name="[e0]"></a>ScanTimeCnt</STRONG> (Thumb, 56 bytes, Stack size 0 bytes, timeflag.o(.text))
<BR><BR>[Called By]<UL><LI><a href="#[10]">&gt;&gt;</a>&nbsp;&nbsp;&nbsp;TIMER32_0_IRQHandler
</UL>

<P><STRONG><a name="[2f]"></a>ScanTimeFlag</STRONG> (Thumb, 76 bytes, Stack size 0 bytes, timeflag.o(.text))
<BR><BR>[Called By]<UL><LI><a href="#[1e]">&gt;&gt;</a>&nbsp;&nbsp;&nbsp;main
</UL>

<P><STRONG><a name="[1d]"></a>PIOINT0_IRQHandler</STRONG> (Thumb, 46 bytes, Stack size 8 bytes, lpc11c14_it.o(.text))
<BR><BR>[Stack]<UL><LI>Max Depth = 16<LI>Call Chain = PIOINT0_IRQHandler &rArr; GPIOIntStatus
</UL>
<BR>[Calls]<UL><LI><a href="#[6d]">&gt;&gt;</a>&nbsp;&nbsp;&nbsp;GPIOIntStatus
<LI><a href="#[6e]">&gt;&gt;</a>&nbsp;&nbsp;&nbsp;GPIOIntClear
</UL>
<BR>[Address Reference Count : 1]<UL><LI> startup_lpc11xx.o(RESET)
</UL>
<P><STRONG><a name="[1c]"></a>PIOINT1_IRQHandler</STRONG> (Thumb, 84 bytes, Stack size 8 bytes, lpc11c14_it.o(.text))
<BR><BR>[Stack]<UL><LI>Max Depth = 16<LI>Call Chain = PIOINT1_IRQHandler &rArr; GPIOIntStatus
</UL>
<BR>[Calls]<UL><LI><a href="#[6d]">&gt;&gt;</a>&nbsp;&nbsp;&nbsp;GPIOIntStatus
<LI><a href="#[6e]">&gt;&gt;</a>&nbsp;&nbsp;&nbsp;GPIOIntClear
</UL>
<BR>[Address Reference Count : 1]<UL><LI> startup_lpc11xx.o(RESET)
</UL>
<P><STRONG><a name="[1b]"></a>PIOINT2_IRQHandler</STRONG> (Thumb, 34 bytes, Stack size 8 bytes, lpc11c14_it.o(.text))
<BR><BR>[Stack]<UL><LI>Max Depth = 16<LI>Call Chain = PIOINT2_IRQHandler &rArr; GPIOIntStatus
</UL>
<BR>[Calls]<UL><LI><a href="#[6d]">&gt;&gt;</a>&nbsp;&nbsp;&nbsp;GPIOIntStatus
<LI><a href="#[6e]">&gt;&gt;</a>&nbsp;&nbsp;&nbsp;GPIOIntClear
</UL>
<BR>[Address Reference Count : 1]<UL><LI> startup_lpc11xx.o(RESET)
</UL>
<P><STRONG><a name="[1a]"></a>PIOINT3_IRQHandler</STRONG> (Thumb, 34 bytes, Stack size 8 bytes, lpc11c14_it.o(.text))
<BR><BR>[Stack]<UL><LI>Max Depth = 44<LI>Call Chain = PIOINT3_IRQHandler &rArr; ZigBee_IRQ_Process &rArr; SPI752_RegRead &rArr; GPIOSetValue
</UL>
<BR>[Calls]<UL><LI><a href="#[6f]">&gt;&gt;</a>&nbsp;&nbsp;&nbsp;ZigBee_IRQ_Process
<LI><a href="#[6d]">&gt;&gt;</a>&nbsp;&nbsp;&nbsp;GPIOIntStatus
<LI><a href="#[6e]">&gt;&gt;</a>&nbsp;&nbsp;&nbsp;GPIOIntClear
</UL>
<BR>[Address Reference Count : 1]<UL><LI> startup_lpc11xx.o(RESET)
</UL>
<P><STRONG><a name="[47]"></a>InitLed</STRONG> (Thumb, 44 bytes, Stack size 8 bytes, led_spk_fan.o(.text))
<BR><BR>[Stack]<UL><LI>Max Depth = 20<LI>Call Chain = InitLed &rArr; GPIOSetValue
</UL>
<BR>[Calls]<UL><LI><a href="#[71]">&gt;&gt;</a>&nbsp;&nbsp;&nbsp;GPIOSetValue
<LI><a href="#[70]">&gt;&gt;</a>&nbsp;&nbsp;&nbsp;GPIOSetDir
</UL>
<BR>[Called By]<UL><LI><a href="#[2d]">&gt;&gt;</a>&nbsp;&nbsp;&nbsp;InitAllDevice
</UL>

<P><STRONG><a name="[45]"></a>InitFan</STRONG> (Thumb, 48 bytes, Stack size 8 bytes, led_spk_fan.o(.text))
<BR><BR>[Stack]<UL><LI>Max Depth = 24<LI>Call Chain = InitFan &rArr; init_timer32
</UL>
<BR>[Calls]<UL><LI><a href="#[71]">&gt;&gt;</a>&nbsp;&nbsp;&nbsp;GPIOSetValue
<LI><a href="#[70]">&gt;&gt;</a>&nbsp;&nbsp;&nbsp;GPIOSetDir
<LI><a href="#[72]">&gt;&gt;</a>&nbsp;&nbsp;&nbsp;NVIC_SetPriority
<LI><a href="#[27]">&gt;&gt;</a>&nbsp;&nbsp;&nbsp;init_timer32
</UL>
<BR>[Called By]<UL><LI><a href="#[2d]">&gt;&gt;</a>&nbsp;&nbsp;&nbsp;InitAllDevice
</UL>

<P><STRONG><a name="[73]"></a>ScanFanPwm</STRONG> (Thumb, 64 bytes, Stack size 8 bytes, led_spk_fan.o(.text))
<BR><BR>[Stack]<UL><LI>Max Depth = 20<LI>Call Chain = ScanFanPwm &rArr; GPIOSetValue
</UL>
<BR>[Calls]<UL><LI><a href="#[71]">&gt;&gt;</a>&nbsp;&nbsp;&nbsp;GPIOSetValue
</UL>
<BR>[Called By]<UL><LI><a href="#[11]">&gt;&gt;</a>&nbsp;&nbsp;&nbsp;TIMER32_1_IRQHandler
</UL>

<P><STRONG><a name="[4b]"></a>FanSpeed</STRONG> (Thumb, 92 bytes, Stack size 8 bytes, led_spk_fan.o(.text))
<BR><BR>[Stack]<UL><LI>Max Depth = 20<LI>Call Chain = FanSpeed &rArr; GPIOSetValue
</UL>
<BR>[Calls]<UL><LI><a href="#[74]">&gt;&gt;</a>&nbsp;&nbsp;&nbsp;disable_timer32
<LI><a href="#[71]">&gt;&gt;</a>&nbsp;&nbsp;&nbsp;GPIOSetValue
<LI><a href="#[29]">&gt;&gt;</a>&nbsp;&nbsp;&nbsp;enable_timer32
</UL>
<BR>[Called By]<UL><LI><a href="#[4f]">&gt;&gt;</a>&nbsp;&nbsp;&nbsp;FanCtrl
<LI><a href="#[2d]">&gt;&gt;</a>&nbsp;&nbsp;&nbsp;InitAllDevice
</UL>

<P><STRONG><a name="[46]"></a>InitSpeaker</STRONG> (Thumb, 72 bytes, Stack size 8 bytes, led_spk_fan.o(.text))
<BR><BR>[Stack]<UL><LI>Max Depth = 24<LI>Call Chain = InitSpeaker &rArr; init_timer16
</UL>
<BR>[Calls]<UL><LI><a href="#[75]">&gt;&gt;</a>&nbsp;&nbsp;&nbsp;init_timer16
<LI><a href="#[71]">&gt;&gt;</a>&nbsp;&nbsp;&nbsp;GPIOSetValue
<LI><a href="#[70]">&gt;&gt;</a>&nbsp;&nbsp;&nbsp;GPIOSetDir
<LI><a href="#[72]">&gt;&gt;</a>&nbsp;&nbsp;&nbsp;NVIC_SetPriority
</UL>
<BR>[Called By]<UL><LI><a href="#[2d]">&gt;&gt;</a>&nbsp;&nbsp;&nbsp;InitAllDevice
</UL>

<P><STRONG><a name="[76]"></a>ScanbzzerPwm</STRONG> (Thumb, 64 bytes, Stack size 8 bytes, led_spk_fan.o(.text))
<BR><BR>[Stack]<UL><LI>Max Depth = 20<LI>Call Chain = ScanbzzerPwm &rArr; GPIOSetValue
</UL>
<BR>[Calls]<UL><LI><a href="#[71]">&gt;&gt;</a>&nbsp;&nbsp;&nbsp;GPIOSetValue
</UL>
<BR>[Called By]<UL><LI><a href="#[f]">&gt;&gt;</a>&nbsp;&nbsp;&nbsp;TIMER16_1_IRQHandler
<LI><a href="#[e]">&gt;&gt;</a>&nbsp;&nbsp;&nbsp;TIMER16_0_IRQHandler
</UL>

<P><STRONG><a name="[4c]"></a>Speaker</STRONG> (Thumb, 48 bytes, Stack size 8 bytes, led_spk_fan.o(.text))
<BR><BR>[Stack]<UL><LI>Max Depth = 20<LI>Call Chain = Speaker &rArr; GPIOSetValue
</UL>
<BR>[Calls]<UL><LI><a href="#[77]">&gt;&gt;</a>&nbsp;&nbsp;&nbsp;enable_timer16
<LI><a href="#[78]">&gt;&gt;</a>&nbsp;&nbsp;&nbsp;disable_timer16
<LI><a href="#[71]">&gt;&gt;</a>&nbsp;&nbsp;&nbsp;GPIOSetValue
</UL>
<BR>[Called By]<UL><LI><a href="#[50]">&gt;&gt;</a>&nbsp;&nbsp;&nbsp;BeepCtrl
<LI><a href="#[44]">&gt;&gt;</a>&nbsp;&nbsp;&nbsp;ScanBeep
<LI><a href="#[2d]">&gt;&gt;</a>&nbsp;&nbsp;&nbsp;InitAllDevice
</UL>

<P><STRONG><a name="[4d]"></a>Led1Show</STRONG> (Thumb, 32 bytes, Stack size 8 bytes, led_spk_fan.o(.text))
<BR><BR>[Stack]<UL><LI>Max Depth = 20<LI>Call Chain = Led1Show &rArr; GPIOSetValue
</UL>
<BR>[Calls]<UL><LI><a href="#[71]">&gt;&gt;</a>&nbsp;&nbsp;&nbsp;GPIOSetValue
</UL>
<BR>[Called By]<UL><LI><a href="#[51]">&gt;&gt;</a>&nbsp;&nbsp;&nbsp;LedCtrl
<LI><a href="#[2d]">&gt;&gt;</a>&nbsp;&nbsp;&nbsp;InitAllDevice
</UL>

<P><STRONG><a name="[39]"></a>InitKey</STRONG> (Thumb, 70 bytes, Stack size 8 bytes, key.o(.text))
<BR><BR>[Stack]<UL><LI>Max Depth = 20<LI>Call Chain = InitKey &rArr; GPIOSetDir
</UL>
<BR>[Calls]<UL><LI><a href="#[70]">&gt;&gt;</a>&nbsp;&nbsp;&nbsp;GPIOSetDir
</UL>
<BR>[Called By]<UL><LI><a href="#[2c]">&gt;&gt;</a>&nbsp;&nbsp;&nbsp;InitAllSensor
</UL>

<P><STRONG><a name="[3f]"></a>ScanKey</STRONG> (Thumb, 426 bytes, Stack size 8 bytes, key.o(.text))
<BR><BR>[Stack]<UL><LI>Max Depth = 8<LI>Call Chain = ScanKey
</UL>
<BR>[Calls]<UL><LI><a href="#[79]">&gt;&gt;</a>&nbsp;&nbsp;&nbsp;GPIOGetValue
</UL>
<BR>[Called By]<UL><LI><a href="#[30]">&gt;&gt;</a>&nbsp;&nbsp;&nbsp;ScanAllSensor
</UL>

<P><STRONG><a name="[48]"></a>Seg7Led_Init</STRONG> (Thumb, 54 bytes, Stack size 8 bytes, seg7led.o(.text))
<BR><BR>[Stack]<UL><LI>Max Depth = 20<LI>Call Chain = Seg7Led_Init &rArr; GPIOSetValue
</UL>
<BR>[Calls]<UL><LI><a href="#[71]">&gt;&gt;</a>&nbsp;&nbsp;&nbsp;GPIOSetValue
<LI><a href="#[70]">&gt;&gt;</a>&nbsp;&nbsp;&nbsp;GPIOSetDir
</UL>
<BR>[Called By]<UL><LI><a href="#[2d]">&gt;&gt;</a>&nbsp;&nbsp;&nbsp;InitAllDevice
</UL>

<P><STRONG><a name="[4e]"></a>Seg7Led_Put</STRONG> (Thumb, 86 bytes, Stack size 16 bytes, seg7led.o(.text))
<BR><BR>[Stack]<UL><LI>Max Depth = 28<LI>Call Chain = Seg7Led_Put &rArr; GPIOSetValue
</UL>
<BR>[Calls]<UL><LI><a href="#[71]">&gt;&gt;</a>&nbsp;&nbsp;&nbsp;GPIOSetValue
</UL>
<BR>[Called By]<UL><LI><a href="#[52]">&gt;&gt;</a>&nbsp;&nbsp;&nbsp;SegCtrl
<LI><a href="#[2d]">&gt;&gt;</a>&nbsp;&nbsp;&nbsp;InitAllDevice
</UL>

<P><STRONG><a name="[7b]"></a>uDelay</STRONG> (Thumb, 14 bytes, Stack size 0 bytes, oled2864.o(.text), UNUSED)
<BR><BR>[Called By]<UL><LI><a href="#[a0]">&gt;&gt;</a>&nbsp;&nbsp;&nbsp;Fade_Out
<LI><a href="#[9f]">&gt;&gt;</a>&nbsp;&nbsp;&nbsp;Fade_In
<LI><a href="#[9b]">&gt;&gt;</a>&nbsp;&nbsp;&nbsp;Vertical_Scroll
<LI><a href="#[7a]">&gt;&gt;</a>&nbsp;&nbsp;&nbsp;Delay
</UL>

<P><STRONG><a name="[7a]"></a>Delay</STRONG> (Thumb, 48 bytes, Stack size 16 bytes, oled2864.o(.text), UNUSED)
<BR><BR>[Calls]<UL><LI><a href="#[7b]">&gt;&gt;</a>&nbsp;&nbsp;&nbsp;uDelay
</UL>
<BR>[Called By]<UL><LI><a href="#[a5]">&gt;&gt;</a>&nbsp;&nbsp;&nbsp;OLED_Test
<LI><a href="#[a2]">&gt;&gt;</a>&nbsp;&nbsp;&nbsp;Test
<LI><a href="#[9d]">&gt;&gt;</a>&nbsp;&nbsp;&nbsp;Continuous_Scroll
<LI><a href="#[9c]">&gt;&gt;</a>&nbsp;&nbsp;&nbsp;Horizontal_Scroll
</UL>

<P><STRONG><a name="[7c]"></a>Write_Command</STRONG> (Thumb, 54 bytes, Stack size 8 bytes, oled2864.o(.text))
<BR><BR>[Stack]<UL><LI>Max Depth = 20<LI>Call Chain = Write_Command &rArr; GPIOSetValue
</UL>
<BR>[Calls]<UL><LI><a href="#[7d]">&gt;&gt;</a>&nbsp;&nbsp;&nbsp;SPI_PutGet
<LI><a href="#[71]">&gt;&gt;</a>&nbsp;&nbsp;&nbsp;GPIOSetValue
</UL>
<BR>[Called By]<UL><LI><a href="#[9e]">&gt;&gt;</a>&nbsp;&nbsp;&nbsp;Deactivate_Scroll
<LI><a href="#[9d]">&gt;&gt;</a>&nbsp;&nbsp;&nbsp;Continuous_Scroll
<LI><a href="#[9c]">&gt;&gt;</a>&nbsp;&nbsp;&nbsp;Horizontal_Scroll
<LI><a href="#[9b]">&gt;&gt;</a>&nbsp;&nbsp;&nbsp;Vertical_Scroll
<LI><a href="#[92]">&gt;&gt;</a>&nbsp;&nbsp;&nbsp;Set_NOP
<LI><a href="#[91]">&gt;&gt;</a>&nbsp;&nbsp;&nbsp;Set_VCOMH
<LI><a href="#[90]">&gt;&gt;</a>&nbsp;&nbsp;&nbsp;Set_Common_Config
<LI><a href="#[8f]">&gt;&gt;</a>&nbsp;&nbsp;&nbsp;Set_Precharge_Period
<LI><a href="#[8e]">&gt;&gt;</a>&nbsp;&nbsp;&nbsp;Set_Display_Clock
<LI><a href="#[8d]">&gt;&gt;</a>&nbsp;&nbsp;&nbsp;Set_Display_Offset
<LI><a href="#[8c]">&gt;&gt;</a>&nbsp;&nbsp;&nbsp;Set_Common_Remap
<LI><a href="#[8b]">&gt;&gt;</a>&nbsp;&nbsp;&nbsp;Set_Start_Page
<LI><a href="#[8a]">&gt;&gt;</a>&nbsp;&nbsp;&nbsp;Set_Display_On_Off
<LI><a href="#[89]">&gt;&gt;</a>&nbsp;&nbsp;&nbsp;Set_Multiplex_Ratio
<LI><a href="#[88]">&gt;&gt;</a>&nbsp;&nbsp;&nbsp;Set_Inverse_Display
<LI><a href="#[87]">&gt;&gt;</a>&nbsp;&nbsp;&nbsp;Set_Entire_Display
<LI><a href="#[86]">&gt;&gt;</a>&nbsp;&nbsp;&nbsp;Set_Segment_Remap
<LI><a href="#[85]">&gt;&gt;</a>&nbsp;&nbsp;&nbsp;Set_Charge_Pump
<LI><a href="#[84]">&gt;&gt;</a>&nbsp;&nbsp;&nbsp;Set_Contrast_Control
<LI><a href="#[83]">&gt;&gt;</a>&nbsp;&nbsp;&nbsp;Set_Start_Line
<LI><a href="#[82]">&gt;&gt;</a>&nbsp;&nbsp;&nbsp;Set_Page_Address
<LI><a href="#[81]">&gt;&gt;</a>&nbsp;&nbsp;&nbsp;Set_Column_Address
<LI><a href="#[80]">&gt;&gt;</a>&nbsp;&nbsp;&nbsp;Set_Addressing_Mode
<LI><a href="#[7f]">&gt;&gt;</a>&nbsp;&nbsp;&nbsp;Set_Start_Column
</UL>

<P><STRONG><a name="[7e]"></a>Write_Data</STRONG> (Thumb, 54 bytes, Stack size 8 bytes, oled2864.o(.text))
<BR><BR>[Stack]<UL><LI>Max Depth = 20<LI>Call Chain = Write_Data &rArr; GPIOSetValue
</UL>
<BR>[Calls]<UL><LI><a href="#[7d]">&gt;&gt;</a>&nbsp;&nbsp;&nbsp;SPI_PutGet
<LI><a href="#[71]">&gt;&gt;</a>&nbsp;&nbsp;&nbsp;GPIOSetValue
</UL>
<BR>[Called By]<UL><LI><a href="#[9a]">&gt;&gt;</a>&nbsp;&nbsp;&nbsp;Show_Pattern
<LI><a href="#[98]">&gt;&gt;</a>&nbsp;&nbsp;&nbsp;Show_Font57
<LI><a href="#[97]">&gt;&gt;</a>&nbsp;&nbsp;&nbsp;Frame
<LI><a href="#[96]">&gt;&gt;</a>&nbsp;&nbsp;&nbsp;Checkerboard
<LI><a href="#[95]">&gt;&gt;</a>&nbsp;&nbsp;&nbsp;Fill_Block
<LI><a href="#[94]">&gt;&gt;</a>&nbsp;&nbsp;&nbsp;show
<LI><a href="#[93]">&gt;&gt;</a>&nbsp;&nbsp;&nbsp;Fill_RAM
<LI><a href="#[37]">&gt;&gt;</a>&nbsp;&nbsp;&nbsp;OLED_DisChar
</UL>

<P><STRONG><a name="[7f]"></a>Set_Start_Column</STRONG> (Thumb, 44 bytes, Stack size 16 bytes, oled2864.o(.text))
<BR><BR>[Stack]<UL><LI>Max Depth = 36<LI>Call Chain = Set_Start_Column &rArr; Write_Command &rArr; GPIOSetValue
</UL>
<BR>[Calls]<UL><LI><a href="#[7c]">&gt;&gt;</a>&nbsp;&nbsp;&nbsp;Write_Command
</UL>
<BR>[Called By]<UL><LI><a href="#[9a]">&gt;&gt;</a>&nbsp;&nbsp;&nbsp;Show_Pattern
<LI><a href="#[98]">&gt;&gt;</a>&nbsp;&nbsp;&nbsp;Show_Font57
<LI><a href="#[97]">&gt;&gt;</a>&nbsp;&nbsp;&nbsp;Frame
<LI><a href="#[96]">&gt;&gt;</a>&nbsp;&nbsp;&nbsp;Checkerboard
<LI><a href="#[95]">&gt;&gt;</a>&nbsp;&nbsp;&nbsp;Fill_Block
<LI><a href="#[94]">&gt;&gt;</a>&nbsp;&nbsp;&nbsp;show
<LI><a href="#[93]">&gt;&gt;</a>&nbsp;&nbsp;&nbsp;Fill_RAM
<LI><a href="#[37]">&gt;&gt;</a>&nbsp;&nbsp;&nbsp;OLED_DisChar
</UL>

<P><STRONG><a name="[80]"></a>Set_Addressing_Mode</STRONG> (Thumb, 18 bytes, Stack size 8 bytes, oled2864.o(.text))
<BR><BR>[Stack]<UL><LI>Max Depth = 28<LI>Call Chain = Set_Addressing_Mode &rArr; Write_Command &rArr; GPIOSetValue
</UL>
<BR>[Calls]<UL><LI><a href="#[7c]">&gt;&gt;</a>&nbsp;&nbsp;&nbsp;Write_Command
</UL>
<BR>[Called By]<UL><LI><a href="#[a4]">&gt;&gt;</a>&nbsp;&nbsp;&nbsp;OLED_Init_I
<LI><a href="#[a3]">&gt;&gt;</a>&nbsp;&nbsp;&nbsp;OLED_Init_E
</UL>

<P><STRONG><a name="[81]"></a>Set_Column_Address</STRONG> (Thumb, 26 bytes, Stack size 16 bytes, oled2864.o(.text), UNUSED)
<BR><BR>[Calls]<UL><LI><a href="#[7c]">&gt;&gt;</a>&nbsp;&nbsp;&nbsp;Write_Command
</UL>

<P><STRONG><a name="[82]"></a>Set_Page_Address</STRONG> (Thumb, 26 bytes, Stack size 16 bytes, oled2864.o(.text), UNUSED)
<BR><BR>[Calls]<UL><LI><a href="#[7c]">&gt;&gt;</a>&nbsp;&nbsp;&nbsp;Write_Command
</UL>

<P><STRONG><a name="[83]"></a>Set_Start_Line</STRONG> (Thumb, 18 bytes, Stack size 8 bytes, oled2864.o(.text))
<BR><BR>[Stack]<UL><LI>Max Depth = 28<LI>Call Chain = Set_Start_Line &rArr; Write_Command &rArr; GPIOSetValue
</UL>
<BR>[Calls]<UL><LI><a href="#[7c]">&gt;&gt;</a>&nbsp;&nbsp;&nbsp;Write_Command
</UL>
<BR>[Called By]<UL><LI><a href="#[a4]">&gt;&gt;</a>&nbsp;&nbsp;&nbsp;OLED_Init_I
<LI><a href="#[a3]">&gt;&gt;</a>&nbsp;&nbsp;&nbsp;OLED_Init_E
<LI><a href="#[9b]">&gt;&gt;</a>&nbsp;&nbsp;&nbsp;Vertical_Scroll
</UL>

<P><STRONG><a name="[84]"></a>Set_Contrast_Control</STRONG> (Thumb, 18 bytes, Stack size 8 bytes, oled2864.o(.text))
<BR><BR>[Stack]<UL><LI>Max Depth = 28<LI>Call Chain = Set_Contrast_Control &rArr; Write_Command &rArr; GPIOSetValue
</UL>
<BR>[Calls]<UL><LI><a href="#[7c]">&gt;&gt;</a>&nbsp;&nbsp;&nbsp;Write_Command
</UL>
<BR>[Called By]<UL><LI><a href="#[a4]">&gt;&gt;</a>&nbsp;&nbsp;&nbsp;OLED_Init_I
<LI><a href="#[a3]">&gt;&gt;</a>&nbsp;&nbsp;&nbsp;OLED_Init_E
<LI><a href="#[a0]">&gt;&gt;</a>&nbsp;&nbsp;&nbsp;Fade_Out
<LI><a href="#[9f]">&gt;&gt;</a>&nbsp;&nbsp;&nbsp;Fade_In
</UL>

<P><STRONG><a name="[85]"></a>Set_Charge_Pump</STRONG> (Thumb, 24 bytes, Stack size 8 bytes, oled2864.o(.text))
<BR><BR>[Stack]<UL><LI>Max Depth = 28<LI>Call Chain = Set_Charge_Pump &rArr; Write_Command &rArr; GPIOSetValue
</UL>
<BR>[Calls]<UL><LI><a href="#[7c]">&gt;&gt;</a>&nbsp;&nbsp;&nbsp;Write_Command
</UL>
<BR>[Called By]<UL><LI><a href="#[a4]">&gt;&gt;</a>&nbsp;&nbsp;&nbsp;OLED_Init_I
<LI><a href="#[a3]">&gt;&gt;</a>&nbsp;&nbsp;&nbsp;OLED_Init_E
</UL>

<P><STRONG><a name="[86]"></a>Set_Segment_Remap</STRONG> (Thumb, 18 bytes, Stack size 8 bytes, oled2864.o(.text))
<BR><BR>[Stack]<UL><LI>Max Depth = 28<LI>Call Chain = Set_Segment_Remap &rArr; Write_Command &rArr; GPIOSetValue
</UL>
<BR>[Calls]<UL><LI><a href="#[7c]">&gt;&gt;</a>&nbsp;&nbsp;&nbsp;Write_Command
</UL>
<BR>[Called By]<UL><LI><a href="#[a4]">&gt;&gt;</a>&nbsp;&nbsp;&nbsp;OLED_Init_I
<LI><a href="#[a3]">&gt;&gt;</a>&nbsp;&nbsp;&nbsp;OLED_Init_E
</UL>

<P><STRONG><a name="[87]"></a>Set_Entire_Display</STRONG> (Thumb, 18 bytes, Stack size 8 bytes, oled2864.o(.text))
<BR><BR>[Stack]<UL><LI>Max Depth = 28<LI>Call Chain = Set_Entire_Display &rArr; Write_Command &rArr; GPIOSetValue
</UL>
<BR>[Calls]<UL><LI><a href="#[7c]">&gt;&gt;</a>&nbsp;&nbsp;&nbsp;Write_Command
</UL>
<BR>[Called By]<UL><LI><a href="#[a4]">&gt;&gt;</a>&nbsp;&nbsp;&nbsp;OLED_Init_I
<LI><a href="#[a3]">&gt;&gt;</a>&nbsp;&nbsp;&nbsp;OLED_Init_E
<LI><a href="#[a2]">&gt;&gt;</a>&nbsp;&nbsp;&nbsp;Test
<LI><a href="#[a1]">&gt;&gt;</a>&nbsp;&nbsp;&nbsp;Sleep
</UL>

<P><STRONG><a name="[88]"></a>Set_Inverse_Display</STRONG> (Thumb, 18 bytes, Stack size 8 bytes, oled2864.o(.text))
<BR><BR>[Stack]<UL><LI>Max Depth = 28<LI>Call Chain = Set_Inverse_Display &rArr; Write_Command &rArr; GPIOSetValue
</UL>
<BR>[Calls]<UL><LI><a href="#[7c]">&gt;&gt;</a>&nbsp;&nbsp;&nbsp;Write_Command
</UL>
<BR>[Called By]<UL><LI><a href="#[a4]">&gt;&gt;</a>&nbsp;&nbsp;&nbsp;OLED_Init_I
<LI><a href="#[a3]">&gt;&gt;</a>&nbsp;&nbsp;&nbsp;OLED_Init_E
</UL>

<P><STRONG><a name="[89]"></a>Set_Multiplex_Ratio</STRONG> (Thumb, 18 bytes, Stack size 8 bytes, oled2864.o(.text))
<BR><BR>[Stack]<UL><LI>Max Depth = 28<LI>Call Chain = Set_Multiplex_Ratio &rArr; Write_Command &rArr; GPIOSetValue
</UL>
<BR>[Calls]<UL><LI><a href="#[7c]">&gt;&gt;</a>&nbsp;&nbsp;&nbsp;Write_Command
</UL>
<BR>[Called By]<UL><LI><a href="#[a4]">&gt;&gt;</a>&nbsp;&nbsp;&nbsp;OLED_Init_I
<LI><a href="#[a3]">&gt;&gt;</a>&nbsp;&nbsp;&nbsp;OLED_Init_E
</UL>

<P><STRONG><a name="[8a]"></a>Set_Display_On_Off</STRONG> (Thumb, 18 bytes, Stack size 8 bytes, oled2864.o(.text))
<BR><BR>[Stack]<UL><LI>Max Depth = 28<LI>Call Chain = Set_Display_On_Off &rArr; Write_Command &rArr; GPIOSetValue
</UL>
<BR>[Calls]<UL><LI><a href="#[7c]">&gt;&gt;</a>&nbsp;&nbsp;&nbsp;Write_Command
</UL>
<BR>[Called By]<UL><LI><a href="#[a4]">&gt;&gt;</a>&nbsp;&nbsp;&nbsp;OLED_Init_I
<LI><a href="#[a3]">&gt;&gt;</a>&nbsp;&nbsp;&nbsp;OLED_Init_E
<LI><a href="#[a2]">&gt;&gt;</a>&nbsp;&nbsp;&nbsp;Test
<LI><a href="#[a1]">&gt;&gt;</a>&nbsp;&nbsp;&nbsp;Sleep
<LI><a href="#[a0]">&gt;&gt;</a>&nbsp;&nbsp;&nbsp;Fade_Out
<LI><a href="#[9f]">&gt;&gt;</a>&nbsp;&nbsp;&nbsp;Fade_In
</UL>

<P><STRONG><a name="[8b]"></a>Set_Start_Page</STRONG> (Thumb, 18 bytes, Stack size 8 bytes, oled2864.o(.text))
<BR><BR>[Stack]<UL><LI>Max Depth = 28<LI>Call Chain = Set_Start_Page &rArr; Write_Command &rArr; GPIOSetValue
</UL>
<BR>[Calls]<UL><LI><a href="#[7c]">&gt;&gt;</a>&nbsp;&nbsp;&nbsp;Write_Command
</UL>
<BR>[Called By]<UL><LI><a href="#[9a]">&gt;&gt;</a>&nbsp;&nbsp;&nbsp;Show_Pattern
<LI><a href="#[98]">&gt;&gt;</a>&nbsp;&nbsp;&nbsp;Show_Font57
<LI><a href="#[97]">&gt;&gt;</a>&nbsp;&nbsp;&nbsp;Frame
<LI><a href="#[96]">&gt;&gt;</a>&nbsp;&nbsp;&nbsp;Checkerboard
<LI><a href="#[95]">&gt;&gt;</a>&nbsp;&nbsp;&nbsp;Fill_Block
<LI><a href="#[94]">&gt;&gt;</a>&nbsp;&nbsp;&nbsp;show
<LI><a href="#[93]">&gt;&gt;</a>&nbsp;&nbsp;&nbsp;Fill_RAM
<LI><a href="#[37]">&gt;&gt;</a>&nbsp;&nbsp;&nbsp;OLED_DisChar
</UL>

<P><STRONG><a name="[8c]"></a>Set_Common_Remap</STRONG> (Thumb, 18 bytes, Stack size 8 bytes, oled2864.o(.text))
<BR><BR>[Stack]<UL><LI>Max Depth = 28<LI>Call Chain = Set_Common_Remap &rArr; Write_Command &rArr; GPIOSetValue
</UL>
<BR>[Calls]<UL><LI><a href="#[7c]">&gt;&gt;</a>&nbsp;&nbsp;&nbsp;Write_Command
</UL>
<BR>[Called By]<UL><LI><a href="#[a4]">&gt;&gt;</a>&nbsp;&nbsp;&nbsp;OLED_Init_I
<LI><a href="#[a3]">&gt;&gt;</a>&nbsp;&nbsp;&nbsp;OLED_Init_E
</UL>

<P><STRONG><a name="[8d]"></a>Set_Display_Offset</STRONG> (Thumb, 18 bytes, Stack size 8 bytes, oled2864.o(.text))
<BR><BR>[Stack]<UL><LI>Max Depth = 28<LI>Call Chain = Set_Display_Offset &rArr; Write_Command &rArr; GPIOSetValue
</UL>
<BR>[Calls]<UL><LI><a href="#[7c]">&gt;&gt;</a>&nbsp;&nbsp;&nbsp;Write_Command
</UL>
<BR>[Called By]<UL><LI><a href="#[a4]">&gt;&gt;</a>&nbsp;&nbsp;&nbsp;OLED_Init_I
<LI><a href="#[a3]">&gt;&gt;</a>&nbsp;&nbsp;&nbsp;OLED_Init_E
</UL>

<P><STRONG><a name="[8e]"></a>Set_Display_Clock</STRONG> (Thumb, 18 bytes, Stack size 8 bytes, oled2864.o(.text))
<BR><BR>[Stack]<UL><LI>Max Depth = 28<LI>Call Chain = Set_Display_Clock &rArr; Write_Command &rArr; GPIOSetValue
</UL>
<BR>[Calls]<UL><LI><a href="#[7c]">&gt;&gt;</a>&nbsp;&nbsp;&nbsp;Write_Command
</UL>
<BR>[Called By]<UL><LI><a href="#[a4]">&gt;&gt;</a>&nbsp;&nbsp;&nbsp;OLED_Init_I
<LI><a href="#[a3]">&gt;&gt;</a>&nbsp;&nbsp;&nbsp;OLED_Init_E
</UL>

<P><STRONG><a name="[8f]"></a>Set_Precharge_Period</STRONG> (Thumb, 18 bytes, Stack size 8 bytes, oled2864.o(.text))
<BR><BR>[Stack]<UL><LI>Max Depth = 28<LI>Call Chain = Set_Precharge_Period &rArr; Write_Command &rArr; GPIOSetValue
</UL>
<BR>[Calls]<UL><LI><a href="#[7c]">&gt;&gt;</a>&nbsp;&nbsp;&nbsp;Write_Command
</UL>
<BR>[Called By]<UL><LI><a href="#[a4]">&gt;&gt;</a>&nbsp;&nbsp;&nbsp;OLED_Init_I
<LI><a href="#[a3]">&gt;&gt;</a>&nbsp;&nbsp;&nbsp;OLED_Init_E
</UL>

<P><STRONG><a name="[90]"></a>Set_Common_Config</STRONG> (Thumb, 24 bytes, Stack size 8 bytes, oled2864.o(.text))
<BR><BR>[Stack]<UL><LI>Max Depth = 28<LI>Call Chain = Set_Common_Config &rArr; Write_Command &rArr; GPIOSetValue
</UL>
<BR>[Calls]<UL><LI><a href="#[7c]">&gt;&gt;</a>&nbsp;&nbsp;&nbsp;Write_Command
</UL>
<BR>[Called By]<UL><LI><a href="#[a4]">&gt;&gt;</a>&nbsp;&nbsp;&nbsp;OLED_Init_I
<LI><a href="#[a3]">&gt;&gt;</a>&nbsp;&nbsp;&nbsp;OLED_Init_E
</UL>

<P><STRONG><a name="[91]"></a>Set_VCOMH</STRONG> (Thumb, 18 bytes, Stack size 8 bytes, oled2864.o(.text))
<BR><BR>[Stack]<UL><LI>Max Depth = 28<LI>Call Chain = Set_VCOMH &rArr; Write_Command &rArr; GPIOSetValue
</UL>
<BR>[Calls]<UL><LI><a href="#[7c]">&gt;&gt;</a>&nbsp;&nbsp;&nbsp;Write_Command
</UL>
<BR>[Called By]<UL><LI><a href="#[a4]">&gt;&gt;</a>&nbsp;&nbsp;&nbsp;OLED_Init_I
<LI><a href="#[a3]">&gt;&gt;</a>&nbsp;&nbsp;&nbsp;OLED_Init_E
</UL>

<P><STRONG><a name="[92]"></a>Set_NOP</STRONG> (Thumb, 10 bytes, Stack size 8 bytes, oled2864.o(.text), UNUSED)
<BR><BR>[Calls]<UL><LI><a href="#[7c]">&gt;&gt;</a>&nbsp;&nbsp;&nbsp;Write_Command
</UL>

<P><STRONG><a name="[93]"></a>Fill_RAM</STRONG> (Thumb, 48 bytes, Stack size 16 bytes, oled2864.o(.text))
<BR><BR>[Stack]<UL><LI>Max Depth = 52<LI>Call Chain = Fill_RAM &rArr; Set_Start_Column &rArr; Write_Command &rArr; GPIOSetValue
</UL>
<BR>[Calls]<UL><LI><a href="#[8b]">&gt;&gt;</a>&nbsp;&nbsp;&nbsp;Set_Start_Page
<LI><a href="#[7f]">&gt;&gt;</a>&nbsp;&nbsp;&nbsp;Set_Start_Column
<LI><a href="#[7e]">&gt;&gt;</a>&nbsp;&nbsp;&nbsp;Write_Data
</UL>
<BR>[Called By]<UL><LI><a href="#[a5]">&gt;&gt;</a>&nbsp;&nbsp;&nbsp;OLED_Test
<LI><a href="#[a4]">&gt;&gt;</a>&nbsp;&nbsp;&nbsp;OLED_Init_I
<LI><a href="#[a3]">&gt;&gt;</a>&nbsp;&nbsp;&nbsp;OLED_Init_E
<LI><a href="#[5e]">&gt;&gt;</a>&nbsp;&nbsp;&nbsp;OLED_ClearScreen
</UL>

<P><STRONG><a name="[94]"></a>show</STRONG> (Thumb, 52 bytes, Stack size 24 bytes, oled2864.o(.text), UNUSED)
<BR><BR>[Calls]<UL><LI><a href="#[8b]">&gt;&gt;</a>&nbsp;&nbsp;&nbsp;Set_Start_Page
<LI><a href="#[7f]">&gt;&gt;</a>&nbsp;&nbsp;&nbsp;Set_Start_Column
<LI><a href="#[7e]">&gt;&gt;</a>&nbsp;&nbsp;&nbsp;Write_Data
</UL>

<P><STRONG><a name="[5e]"></a>OLED_ClearScreen</STRONG> (Thumb, 10 bytes, Stack size 8 bytes, oled2864.o(.text))
<BR><BR>[Stack]<UL><LI>Max Depth = 60<LI>Call Chain = OLED_ClearScreen &rArr; Fill_RAM &rArr; Set_Start_Column &rArr; Write_Command &rArr; GPIOSetValue
</UL>
<BR>[Calls]<UL><LI><a href="#[93]">&gt;&gt;</a>&nbsp;&nbsp;&nbsp;Fill_RAM
</UL>
<BR>[Called By]<UL><LI><a href="#[69]">&gt;&gt;</a>&nbsp;&nbsp;&nbsp;RefreshStoDisp
<LI><a href="#[5d]">&gt;&gt;</a>&nbsp;&nbsp;&nbsp;RefreshEnvDisp
<LI><a href="#[4a]">&gt;&gt;</a>&nbsp;&nbsp;&nbsp;InitOled
</UL>

<P><STRONG><a name="[95]"></a>Fill_Block</STRONG> (Thumb, 68 bytes, Stack size 40 bytes, oled2864.o(.text), UNUSED)
<BR><BR>[Calls]<UL><LI><a href="#[8b]">&gt;&gt;</a>&nbsp;&nbsp;&nbsp;Set_Start_Page
<LI><a href="#[7f]">&gt;&gt;</a>&nbsp;&nbsp;&nbsp;Set_Start_Column
<LI><a href="#[7e]">&gt;&gt;</a>&nbsp;&nbsp;&nbsp;Write_Data
</UL>

<P><STRONG><a name="[96]"></a>Checkerboard</STRONG> (Thumb, 52 bytes, Stack size 16 bytes, oled2864.o(.text), UNUSED)
<BR><BR>[Calls]<UL><LI><a href="#[8b]">&gt;&gt;</a>&nbsp;&nbsp;&nbsp;Set_Start_Page
<LI><a href="#[7f]">&gt;&gt;</a>&nbsp;&nbsp;&nbsp;Set_Start_Column
<LI><a href="#[7e]">&gt;&gt;</a>&nbsp;&nbsp;&nbsp;Write_Data
</UL>
<BR>[Called By]<UL><LI><a href="#[a5]">&gt;&gt;</a>&nbsp;&nbsp;&nbsp;OLED_Test
</UL>

<P><STRONG><a name="[97]"></a>Frame</STRONG> (Thumb, 108 bytes, Stack size 16 bytes, oled2864.o(.text), UNUSED)
<BR><BR>[Calls]<UL><LI><a href="#[8b]">&gt;&gt;</a>&nbsp;&nbsp;&nbsp;Set_Start_Page
<LI><a href="#[7f]">&gt;&gt;</a>&nbsp;&nbsp;&nbsp;Set_Start_Column
<LI><a href="#[7e]">&gt;&gt;</a>&nbsp;&nbsp;&nbsp;Write_Data
</UL>
<BR>[Called By]<UL><LI><a href="#[a5]">&gt;&gt;</a>&nbsp;&nbsp;&nbsp;OLED_Test
</UL>

<P><STRONG><a name="[98]"></a>Show_Font57</STRONG> (Thumb, 84 bytes, Stack size 40 bytes, oled2864.o(.text), UNUSED)
<BR><BR>[Calls]<UL><LI><a href="#[8b]">&gt;&gt;</a>&nbsp;&nbsp;&nbsp;Set_Start_Page
<LI><a href="#[7f]">&gt;&gt;</a>&nbsp;&nbsp;&nbsp;Set_Start_Column
<LI><a href="#[7e]">&gt;&gt;</a>&nbsp;&nbsp;&nbsp;Write_Data
</UL>
<BR>[Called By]<UL><LI><a href="#[99]">&gt;&gt;</a>&nbsp;&nbsp;&nbsp;Show_String
</UL>

<P><STRONG><a name="[99]"></a>Show_String</STRONG> (Thumb, 60 bytes, Stack size 40 bytes, oled2864.o(.text), UNUSED)
<BR><BR>[Calls]<UL><LI><a href="#[98]">&gt;&gt;</a>&nbsp;&nbsp;&nbsp;Show_Font57
</UL>
<BR>[Called By]<UL><LI><a href="#[a5]">&gt;&gt;</a>&nbsp;&nbsp;&nbsp;OLED_Test
</UL>

<P><STRONG><a name="[9a]"></a>Show_Pattern</STRONG> (Thumb, 78 bytes, Stack size 48 bytes, oled2864.o(.text), UNUSED)
<BR><BR>[Calls]<UL><LI><a href="#[8b]">&gt;&gt;</a>&nbsp;&nbsp;&nbsp;Set_Start_Page
<LI><a href="#[7f]">&gt;&gt;</a>&nbsp;&nbsp;&nbsp;Set_Start_Column
<LI><a href="#[7e]">&gt;&gt;</a>&nbsp;&nbsp;&nbsp;Write_Data
</UL>
<BR>[Called By]<UL><LI><a href="#[a5]">&gt;&gt;</a>&nbsp;&nbsp;&nbsp;OLED_Test
</UL>

<P><STRONG><a name="[37]"></a>OLED_DisChar</STRONG> (Thumb, 120 bytes, Stack size 40 bytes, oled2864.o(.text))
<BR><BR>[Stack]<UL><LI>Max Depth = 76<LI>Call Chain = OLED_DisChar &rArr; Set_Start_Column &rArr; Write_Command &rArr; GPIOSetValue
</UL>
<BR>[Calls]<UL><LI><a href="#[8b]">&gt;&gt;</a>&nbsp;&nbsp;&nbsp;Set_Start_Page
<LI><a href="#[7f]">&gt;&gt;</a>&nbsp;&nbsp;&nbsp;Set_Start_Column
<LI><a href="#[7e]">&gt;&gt;</a>&nbsp;&nbsp;&nbsp;Write_Data
</UL>
<BR>[Called By]<UL><LI><a href="#[36]">&gt;&gt;</a>&nbsp;&nbsp;&nbsp;OLED_DisStrLine
<LI><a href="#[34]">&gt;&gt;</a>&nbsp;&nbsp;&nbsp;Dis_Menu
</UL>

<P><STRONG><a name="[36]"></a>OLED_DisStrLine</STRONG> (Thumb, 66 bytes, Stack size 24 bytes, oled2864.o(.text))
<BR><BR>[Stack]<UL><LI>Max Depth = 100<LI>Call Chain = OLED_DisStrLine &rArr; OLED_DisChar &rArr; Set_Start_Column &rArr; Write_Command &rArr; GPIOSetValue
</UL>
<BR>[Calls]<UL><LI><a href="#[37]">&gt;&gt;</a>&nbsp;&nbsp;&nbsp;OLED_DisChar
</UL>
<BR>[Called By]<UL><LI><a href="#[34]">&gt;&gt;</a>&nbsp;&nbsp;&nbsp;Dis_Menu
</UL>

<P><STRONG><a name="[9b]"></a>Vertical_Scroll</STRONG> (Thumb, 124 bytes, Stack size 40 bytes, oled2864.o(.text), UNUSED)
<BR><BR>[Calls]<UL><LI><a href="#[83]">&gt;&gt;</a>&nbsp;&nbsp;&nbsp;Set_Start_Line
<LI><a href="#[7c]">&gt;&gt;</a>&nbsp;&nbsp;&nbsp;Write_Command
<LI><a href="#[7b]">&gt;&gt;</a>&nbsp;&nbsp;&nbsp;uDelay
</UL>
<BR>[Called By]<UL><LI><a href="#[a5]">&gt;&gt;</a>&nbsp;&nbsp;&nbsp;OLED_Test
</UL>

<P><STRONG><a name="[9c]"></a>Horizontal_Scroll</STRONG> (Thumb, 60 bytes, Stack size 24 bytes, oled2864.o(.text), UNUSED)
<BR><BR>[Calls]<UL><LI><a href="#[7c]">&gt;&gt;</a>&nbsp;&nbsp;&nbsp;Write_Command
<LI><a href="#[7a]">&gt;&gt;</a>&nbsp;&nbsp;&nbsp;Delay
</UL>

<P><STRONG><a name="[9d]"></a>Continuous_Scroll</STRONG> (Thumb, 82 bytes, Stack size 24 bytes, oled2864.o(.text), UNUSED)
<BR><BR>[Calls]<UL><LI><a href="#[7c]">&gt;&gt;</a>&nbsp;&nbsp;&nbsp;Write_Command
<LI><a href="#[7a]">&gt;&gt;</a>&nbsp;&nbsp;&nbsp;Delay
</UL>
<BR>[Called By]<UL><LI><a href="#[a5]">&gt;&gt;</a>&nbsp;&nbsp;&nbsp;OLED_Test
</UL>

<P><STRONG><a name="[9e]"></a>Deactivate_Scroll</STRONG> (Thumb, 10 bytes, Stack size 8 bytes, oled2864.o(.text), UNUSED)
<BR><BR>[Calls]<UL><LI><a href="#[7c]">&gt;&gt;</a>&nbsp;&nbsp;&nbsp;Write_Command
</UL>
<BR>[Called By]<UL><LI><a href="#[a5]">&gt;&gt;</a>&nbsp;&nbsp;&nbsp;OLED_Test
</UL>

<P><STRONG><a name="[9f]"></a>Fade_In</STRONG> (Thumb, 44 bytes, Stack size 8 bytes, oled2864.o(.text), UNUSED)
<BR><BR>[Calls]<UL><LI><a href="#[8a]">&gt;&gt;</a>&nbsp;&nbsp;&nbsp;Set_Display_On_Off
<LI><a href="#[84]">&gt;&gt;</a>&nbsp;&nbsp;&nbsp;Set_Contrast_Control
<LI><a href="#[7b]">&gt;&gt;</a>&nbsp;&nbsp;&nbsp;uDelay
</UL>
<BR>[Called By]<UL><LI><a href="#[a5]">&gt;&gt;</a>&nbsp;&nbsp;&nbsp;OLED_Test
</UL>

<P><STRONG><a name="[a0]"></a>Fade_Out</STRONG> (Thumb, 46 bytes, Stack size 8 bytes, oled2864.o(.text), UNUSED)
<BR><BR>[Calls]<UL><LI><a href="#[8a]">&gt;&gt;</a>&nbsp;&nbsp;&nbsp;Set_Display_On_Off
<LI><a href="#[84]">&gt;&gt;</a>&nbsp;&nbsp;&nbsp;Set_Contrast_Control
<LI><a href="#[7b]">&gt;&gt;</a>&nbsp;&nbsp;&nbsp;uDelay
</UL>
<BR>[Called By]<UL><LI><a href="#[a5]">&gt;&gt;</a>&nbsp;&nbsp;&nbsp;OLED_Test
</UL>

<P><STRONG><a name="[a1]"></a>Sleep</STRONG> (Thumb, 46 bytes, Stack size 8 bytes, oled2864.o(.text), UNUSED)
<BR><BR>[Calls]<UL><LI><a href="#[8a]">&gt;&gt;</a>&nbsp;&nbsp;&nbsp;Set_Display_On_Off
<LI><a href="#[87]">&gt;&gt;</a>&nbsp;&nbsp;&nbsp;Set_Entire_Display
</UL>

<P><STRONG><a name="[a2]"></a>Test</STRONG> (Thumb, 34 bytes, Stack size 0 bytes, oled2864.o(.text), UNUSED)
<BR><BR>[Calls]<UL><LI><a href="#[8a]">&gt;&gt;</a>&nbsp;&nbsp;&nbsp;Set_Display_On_Off
<LI><a href="#[87]">&gt;&gt;</a>&nbsp;&nbsp;&nbsp;Set_Entire_Display
<LI><a href="#[7a]">&gt;&gt;</a>&nbsp;&nbsp;&nbsp;Delay
</UL>

<P><STRONG><a name="[a3]"></a>OLED_Init_E</STRONG> (Thumb, 106 bytes, Stack size 8 bytes, oled2864.o(.text), UNUSED)
<BR><BR>[Calls]<UL><LI><a href="#[93]">&gt;&gt;</a>&nbsp;&nbsp;&nbsp;Fill_RAM
<LI><a href="#[91]">&gt;&gt;</a>&nbsp;&nbsp;&nbsp;Set_VCOMH
<LI><a href="#[90]">&gt;&gt;</a>&nbsp;&nbsp;&nbsp;Set_Common_Config
<LI><a href="#[8f]">&gt;&gt;</a>&nbsp;&nbsp;&nbsp;Set_Precharge_Period
<LI><a href="#[8e]">&gt;&gt;</a>&nbsp;&nbsp;&nbsp;Set_Display_Clock
<LI><a href="#[8d]">&gt;&gt;</a>&nbsp;&nbsp;&nbsp;Set_Display_Offset
<LI><a href="#[8c]">&gt;&gt;</a>&nbsp;&nbsp;&nbsp;Set_Common_Remap
<LI><a href="#[8a]">&gt;&gt;</a>&nbsp;&nbsp;&nbsp;Set_Display_On_Off
<LI><a href="#[89]">&gt;&gt;</a>&nbsp;&nbsp;&nbsp;Set_Multiplex_Ratio
<LI><a href="#[88]">&gt;&gt;</a>&nbsp;&nbsp;&nbsp;Set_Inverse_Display
<LI><a href="#[87]">&gt;&gt;</a>&nbsp;&nbsp;&nbsp;Set_Entire_Display
<LI><a href="#[86]">&gt;&gt;</a>&nbsp;&nbsp;&nbsp;Set_Segment_Remap
<LI><a href="#[85]">&gt;&gt;</a>&nbsp;&nbsp;&nbsp;Set_Charge_Pump
<LI><a href="#[84]">&gt;&gt;</a>&nbsp;&nbsp;&nbsp;Set_Contrast_Control
<LI><a href="#[83]">&gt;&gt;</a>&nbsp;&nbsp;&nbsp;Set_Start_Line
<LI><a href="#[80]">&gt;&gt;</a>&nbsp;&nbsp;&nbsp;Set_Addressing_Mode
</UL>

<P><STRONG><a name="[a4]"></a>OLED_Init_I</STRONG> (Thumb, 126 bytes, Stack size 8 bytes, oled2864.o(.text))
<BR><BR>[Stack]<UL><LI>Max Depth = 60<LI>Call Chain = OLED_Init_I &rArr; Fill_RAM &rArr; Set_Start_Column &rArr; Write_Command &rArr; GPIOSetValue
</UL>
<BR>[Calls]<UL><LI><a href="#[93]">&gt;&gt;</a>&nbsp;&nbsp;&nbsp;Fill_RAM
<LI><a href="#[91]">&gt;&gt;</a>&nbsp;&nbsp;&nbsp;Set_VCOMH
<LI><a href="#[90]">&gt;&gt;</a>&nbsp;&nbsp;&nbsp;Set_Common_Config
<LI><a href="#[8f]">&gt;&gt;</a>&nbsp;&nbsp;&nbsp;Set_Precharge_Period
<LI><a href="#[8e]">&gt;&gt;</a>&nbsp;&nbsp;&nbsp;Set_Display_Clock
<LI><a href="#[8d]">&gt;&gt;</a>&nbsp;&nbsp;&nbsp;Set_Display_Offset
<LI><a href="#[8c]">&gt;&gt;</a>&nbsp;&nbsp;&nbsp;Set_Common_Remap
<LI><a href="#[8a]">&gt;&gt;</a>&nbsp;&nbsp;&nbsp;Set_Display_On_Off
<LI><a href="#[89]">&gt;&gt;</a>&nbsp;&nbsp;&nbsp;Set_Multiplex_Ratio
<LI><a href="#[88]">&gt;&gt;</a>&nbsp;&nbsp;&nbsp;Set_Inverse_Display
<LI><a href="#[87]">&gt;&gt;</a>&nbsp;&nbsp;&nbsp;Set_Entire_Display
<LI><a href="#[86]">&gt;&gt;</a>&nbsp;&nbsp;&nbsp;Set_Segment_Remap
<LI><a href="#[85]">&gt;&gt;</a>&nbsp;&nbsp;&nbsp;Set_Charge_Pump
<LI><a href="#[84]">&gt;&gt;</a>&nbsp;&nbsp;&nbsp;Set_Contrast_Control
<LI><a href="#[83]">&gt;&gt;</a>&nbsp;&nbsp;&nbsp;Set_Start_Line
<LI><a href="#[80]">&gt;&gt;</a>&nbsp;&nbsp;&nbsp;Set_Addressing_Mode
<LI><a href="#[70]">&gt;&gt;</a>&nbsp;&nbsp;&nbsp;GPIOSetDir
</UL>
<BR>[Called By]<UL><LI><a href="#[4a]">&gt;&gt;</a>&nbsp;&nbsp;&nbsp;InitOled
</UL>

<P><STRONG><a name="[a5]"></a>OLED_Test</STRONG> (Thumb, 366 bytes, Stack size 32 bytes, oled2864.o(.text), UNUSED)
<BR><BR>[Calls]<UL><LI><a href="#[a0]">&gt;&gt;</a>&nbsp;&nbsp;&nbsp;Fade_Out
<LI><a href="#[9f]">&gt;&gt;</a>&nbsp;&nbsp;&nbsp;Fade_In
<LI><a href="#[9e]">&gt;&gt;</a>&nbsp;&nbsp;&nbsp;Deactivate_Scroll
<LI><a href="#[9d]">&gt;&gt;</a>&nbsp;&nbsp;&nbsp;Continuous_Scroll
<LI><a href="#[9b]">&gt;&gt;</a>&nbsp;&nbsp;&nbsp;Vertical_Scroll
<LI><a href="#[9a]">&gt;&gt;</a>&nbsp;&nbsp;&nbsp;Show_Pattern
<LI><a href="#[99]">&gt;&gt;</a>&nbsp;&nbsp;&nbsp;Show_String
<LI><a href="#[97]">&gt;&gt;</a>&nbsp;&nbsp;&nbsp;Frame
<LI><a href="#[96]">&gt;&gt;</a>&nbsp;&nbsp;&nbsp;Checkerboard
<LI><a href="#[93]">&gt;&gt;</a>&nbsp;&nbsp;&nbsp;Fill_RAM
<LI><a href="#[7a]">&gt;&gt;</a>&nbsp;&nbsp;&nbsp;Delay
</UL>

<P><STRONG><a name="[4a]"></a>InitOled</STRONG> (Thumb, 28 bytes, Stack size 8 bytes, oled2864.o(.text))
<BR><BR>[Stack]<UL><LI>Max Depth = 68<LI>Call Chain = InitOled &rArr; OLED_Init_I &rArr; Fill_RAM &rArr; Set_Start_Column &rArr; Write_Command &rArr; GPIOSetValue
</UL>
<BR>[Calls]<UL><LI><a href="#[a4]">&gt;&gt;</a>&nbsp;&nbsp;&nbsp;OLED_Init_I
<LI><a href="#[5e]">&gt;&gt;</a>&nbsp;&nbsp;&nbsp;OLED_ClearScreen
<LI><a href="#[58]">&gt;&gt;</a>&nbsp;&nbsp;&nbsp;SPI_Init
<LI><a href="#[57]">&gt;&gt;</a>&nbsp;&nbsp;&nbsp;SPI_IOConfig
</UL>
<BR>[Called By]<UL><LI><a href="#[2d]">&gt;&gt;</a>&nbsp;&nbsp;&nbsp;InitAllDevice
</UL>

<P><STRONG><a name="[a6]"></a>DHT11_Check</STRONG> (Thumb, 96 bytes, Stack size 8 bytes, temp_hum.o(.text))
<BR><BR>[Stack]<UL><LI>Max Depth = 20<LI>Call Chain = DHT11_Check &rArr; GPIOSetDir
</UL>
<BR>[Calls]<UL><LI><a href="#[79]">&gt;&gt;</a>&nbsp;&nbsp;&nbsp;GPIOGetValue
<LI><a href="#[70]">&gt;&gt;</a>&nbsp;&nbsp;&nbsp;GPIOSetDir
<LI><a href="#[a7]">&gt;&gt;</a>&nbsp;&nbsp;&nbsp;Delay_us
</UL>
<BR>[Called By]<UL><LI><a href="#[aa]">&gt;&gt;</a>&nbsp;&nbsp;&nbsp;ReadDHT11
</UL>

<P><STRONG><a name="[a8]"></a>DHT11_Read_Bit</STRONG> (Thumb, 94 bytes, Stack size 8 bytes, temp_hum.o(.text))
<BR><BR>[Stack]<UL><LI>Max Depth = 8<LI>Call Chain = DHT11_Read_Bit
</UL>
<BR>[Calls]<UL><LI><a href="#[79]">&gt;&gt;</a>&nbsp;&nbsp;&nbsp;GPIOGetValue
<LI><a href="#[a7]">&gt;&gt;</a>&nbsp;&nbsp;&nbsp;Delay_us
</UL>
<BR>[Called By]<UL><LI><a href="#[a9]">&gt;&gt;</a>&nbsp;&nbsp;&nbsp;DHT11_Read_Byte
</UL>

<P><STRONG><a name="[a9]"></a>DHT11_Read_Byte</STRONG> (Thumb, 30 bytes, Stack size 16 bytes, temp_hum.o(.text))
<BR><BR>[Stack]<UL><LI>Max Depth = 24<LI>Call Chain = DHT11_Read_Byte &rArr; DHT11_Read_Bit
</UL>
<BR>[Calls]<UL><LI><a href="#[a8]">&gt;&gt;</a>&nbsp;&nbsp;&nbsp;DHT11_Read_Bit
</UL>
<BR>[Called By]<UL><LI><a href="#[aa]">&gt;&gt;</a>&nbsp;&nbsp;&nbsp;ReadDHT11
</UL>

<P><STRONG><a name="[aa]"></a>ReadDHT11</STRONG> (Thumb, 96 bytes, Stack size 24 bytes, temp_hum.o(.text))
<BR><BR>[Stack]<UL><LI>Max Depth = 48<LI>Call Chain = ReadDHT11 &rArr; DHT11_Read_Byte &rArr; DHT11_Read_Bit
</UL>
<BR>[Calls]<UL><LI><a href="#[a9]">&gt;&gt;</a>&nbsp;&nbsp;&nbsp;DHT11_Read_Byte
<LI><a href="#[a6]">&gt;&gt;</a>&nbsp;&nbsp;&nbsp;DHT11_Check
</UL>
<BR>[Called By]<UL><LI><a href="#[ab]">&gt;&gt;</a>&nbsp;&nbsp;&nbsp;TimeScanDHT11
</UL>

<P><STRONG><a name="[ab]"></a>TimeScanDHT11</STRONG> (Thumb, 130 bytes, Stack size 8 bytes, temp_hum.o(.text))
<BR><BR>[Stack]<UL><LI>Max Depth = 56<LI>Call Chain = TimeScanDHT11 &rArr; ReadDHT11 &rArr; DHT11_Read_Byte &rArr; DHT11_Read_Bit
</UL>
<BR>[Calls]<UL><LI><a href="#[aa]">&gt;&gt;</a>&nbsp;&nbsp;&nbsp;ReadDHT11
<LI><a href="#[71]">&gt;&gt;</a>&nbsp;&nbsp;&nbsp;GPIOSetValue
<LI><a href="#[70]">&gt;&gt;</a>&nbsp;&nbsp;&nbsp;GPIOSetDir
<LI><a href="#[a7]">&gt;&gt;</a>&nbsp;&nbsp;&nbsp;Delay_us
</UL>
<BR>[Called By]<UL><LI><a href="#[10]">&gt;&gt;</a>&nbsp;&nbsp;&nbsp;TIMER32_0_IRQHandler
</UL>

<P><STRONG><a name="[3c]"></a>InitDHT11</STRONG> (Thumb, 42 bytes, Stack size 8 bytes, temp_hum.o(.text))
<BR><BR>[Stack]<UL><LI>Max Depth = 20<LI>Call Chain = InitDHT11 &rArr; GPIOSetValue
</UL>
<BR>[Calls]<UL><LI><a href="#[71]">&gt;&gt;</a>&nbsp;&nbsp;&nbsp;GPIOSetValue
<LI><a href="#[70]">&gt;&gt;</a>&nbsp;&nbsp;&nbsp;GPIOSetDir
</UL>
<BR>[Called By]<UL><LI><a href="#[2c]">&gt;&gt;</a>&nbsp;&nbsp;&nbsp;InitAllSensor
</UL>

<P><STRONG><a name="[bc]"></a>light_init</STRONG> (Thumb, 2 bytes, Stack size 0 bytes, light.o(.text))
<BR><BR>[Called By]<UL><LI><a href="#[3a]">&gt;&gt;</a>&nbsp;&nbsp;&nbsp;InitLight
</UL>

<P><STRONG><a name="[b0]"></a>light_enable</STRONG> (Thumb, 38 bytes, Stack size 8 bytes, light.o(.text))
<BR><BR>[Stack]<UL><LI>Max Depth = 28<LI>Call Chain = light_enable &rArr; I2CWrite &rArr; I2CEngine
</UL>
<BR>[Calls]<UL><LI><a href="#[ad]">&gt;&gt;</a>&nbsp;&nbsp;&nbsp;I2CWrite
</UL>
<BR>[Called By]<UL><LI><a href="#[3a]">&gt;&gt;</a>&nbsp;&nbsp;&nbsp;InitLight
</UL>

<P><STRONG><a name="[b1]"></a>light_read</STRONG> (Thumb, 86 bytes, Stack size 16 bytes, light.o(.text))
<BR><BR>[Stack]<UL><LI>Max Depth = 36<LI>Call Chain = light_read &rArr; I2CWrite &rArr; I2CEngine
</UL>
<BR>[Calls]<UL><LI><a href="#[ad]">&gt;&gt;</a>&nbsp;&nbsp;&nbsp;I2CWrite
<LI><a href="#[ae]">&gt;&gt;</a>&nbsp;&nbsp;&nbsp;I2CRead
<LI><a href="#[5f]">&gt;&gt;</a>&nbsp;&nbsp;&nbsp;__aeabi_uidivmod
</UL>
<BR>[Called By]<UL><LI><a href="#[41]">&gt;&gt;</a>&nbsp;&nbsp;&nbsp;ScanLight
</UL>

<P><STRONG><a name="[b2]"></a>light_setMode</STRONG> (Thumb, 44 bytes, Stack size 16 bytes, light.o(.text), UNUSED)
<BR><BR>[Calls]<UL><LI><a href="#[ad]">&gt;&gt;</a>&nbsp;&nbsp;&nbsp;I2CWrite
<LI><a href="#[ac]">&gt;&gt;</a>&nbsp;&nbsp;&nbsp;readCommandReg
</UL>

<P><STRONG><a name="[b3]"></a>light_setWidth</STRONG> (Thumb, 98 bytes, Stack size 16 bytes, light.o(.text), UNUSED)
<BR><BR>[Calls]<UL><LI><a href="#[ad]">&gt;&gt;</a>&nbsp;&nbsp;&nbsp;I2CWrite
<LI><a href="#[ac]">&gt;&gt;</a>&nbsp;&nbsp;&nbsp;readCommandReg
</UL>

<P><STRONG><a name="[b4]"></a>light_setRange</STRONG> (Thumb, 96 bytes, Stack size 16 bytes, light.o(.text))
<BR><BR>[Stack]<UL><LI>Max Depth = 44<LI>Call Chain = light_setRange &rArr; readControlReg &rArr; I2CWrite &rArr; I2CEngine
</UL>
<BR>[Calls]<UL><LI><a href="#[ad]">&gt;&gt;</a>&nbsp;&nbsp;&nbsp;I2CWrite
<LI><a href="#[af]">&gt;&gt;</a>&nbsp;&nbsp;&nbsp;readControlReg
</UL>
<BR>[Called By]<UL><LI><a href="#[3a]">&gt;&gt;</a>&nbsp;&nbsp;&nbsp;InitLight
</UL>

<P><STRONG><a name="[b5]"></a>light_setHiThreshold</STRONG> (Thumb, 50 bytes, Stack size 16 bytes, light.o(.text), UNUSED)
<BR><BR>[Calls]<UL><LI><a href="#[ad]">&gt;&gt;</a>&nbsp;&nbsp;&nbsp;I2CWrite
<LI><a href="#[5f]">&gt;&gt;</a>&nbsp;&nbsp;&nbsp;__aeabi_uidivmod
</UL>

<P><STRONG><a name="[b6]"></a>light_setLoThreshold</STRONG> (Thumb, 50 bytes, Stack size 16 bytes, light.o(.text), UNUSED)
<BR><BR>[Calls]<UL><LI><a href="#[ad]">&gt;&gt;</a>&nbsp;&nbsp;&nbsp;I2CWrite
<LI><a href="#[5f]">&gt;&gt;</a>&nbsp;&nbsp;&nbsp;__aeabi_uidivmod
</UL>

<P><STRONG><a name="[b7]"></a>light_setIrqInCycles</STRONG> (Thumb, 44 bytes, Stack size 16 bytes, light.o(.text), UNUSED)
<BR><BR>[Calls]<UL><LI><a href="#[ad]">&gt;&gt;</a>&nbsp;&nbsp;&nbsp;I2CWrite
<LI><a href="#[af]">&gt;&gt;</a>&nbsp;&nbsp;&nbsp;readControlReg
</UL>

<P><STRONG><a name="[b8]"></a>light_getIrqStatus</STRONG> (Thumb, 16 bytes, Stack size 8 bytes, light.o(.text), UNUSED)
<BR><BR>[Calls]<UL><LI><a href="#[af]">&gt;&gt;</a>&nbsp;&nbsp;&nbsp;readControlReg
</UL>

<P><STRONG><a name="[b9]"></a>light_clearIrqStatus</STRONG> (Thumb, 36 bytes, Stack size 16 bytes, light.o(.text), UNUSED)
<BR><BR>[Calls]<UL><LI><a href="#[ad]">&gt;&gt;</a>&nbsp;&nbsp;&nbsp;I2CWrite
<LI><a href="#[af]">&gt;&gt;</a>&nbsp;&nbsp;&nbsp;readControlReg
</UL>

<P><STRONG><a name="[ba]"></a>light_shutdown</STRONG> (Thumb, 62 bytes, Stack size 16 bytes, light.o(.text))
<BR><BR>[Stack]<UL><LI>Max Depth = 44<LI>Call Chain = light_shutdown &rArr; readCommandReg &rArr; I2CWrite &rArr; I2CEngine
</UL>
<BR>[Calls]<UL><LI><a href="#[ad]">&gt;&gt;</a>&nbsp;&nbsp;&nbsp;I2CWrite
<LI><a href="#[ac]">&gt;&gt;</a>&nbsp;&nbsp;&nbsp;readCommandReg
</UL>
<BR>[Called By]<UL><LI><a href="#[3a]">&gt;&gt;</a>&nbsp;&nbsp;&nbsp;InitLight
</UL>

<P><STRONG><a name="[41]"></a>ScanLight</STRONG> (Thumb, 42 bytes, Stack size 8 bytes, light.o(.text))
<BR><BR>[Stack]<UL><LI>Max Depth = 44<LI>Call Chain = ScanLight &rArr; light_read &rArr; I2CWrite &rArr; I2CEngine
</UL>
<BR>[Calls]<UL><LI><a href="#[b1]">&gt;&gt;</a>&nbsp;&nbsp;&nbsp;light_read
</UL>
<BR>[Called By]<UL><LI><a href="#[30]">&gt;&gt;</a>&nbsp;&nbsp;&nbsp;ScanAllSensor
</UL>

<P><STRONG><a name="[3a]"></a>InitLight</STRONG> (Thumb, 40 bytes, Stack size 8 bytes, light.o(.text))
<BR><BR>[Stack]<UL><LI>Max Depth = 52<LI>Call Chain = InitLight &rArr; light_shutdown &rArr; readCommandReg &rArr; I2CWrite &rArr; I2CEngine
</UL>
<BR>[Calls]<UL><LI><a href="#[bb]">&gt;&gt;</a>&nbsp;&nbsp;&nbsp;I2CInit
<LI><a href="#[ba]">&gt;&gt;</a>&nbsp;&nbsp;&nbsp;light_shutdown
<LI><a href="#[b4]">&gt;&gt;</a>&nbsp;&nbsp;&nbsp;light_setRange
<LI><a href="#[b0]">&gt;&gt;</a>&nbsp;&nbsp;&nbsp;light_enable
<LI><a href="#[bc]">&gt;&gt;</a>&nbsp;&nbsp;&nbsp;light_init
</UL>
<BR>[Called By]<UL><LI><a href="#[2c]">&gt;&gt;</a>&nbsp;&nbsp;&nbsp;InitAllSensor
</UL>

<P><STRONG><a name="[c0]"></a>acc_init</STRONG> (Thumb, 10 bytes, Stack size 8 bytes, acc.o(.text))
<BR><BR>[Stack]<UL><LI>Max Depth = 44<LI>Call Chain = acc_init &rArr; setModeControl &rArr; I2CWrite &rArr; I2CEngine
</UL>
<BR>[Calls]<UL><LI><a href="#[bf]">&gt;&gt;</a>&nbsp;&nbsp;&nbsp;setModeControl
</UL>
<BR>[Called By]<UL><LI><a href="#[3b]">&gt;&gt;</a>&nbsp;&nbsp;&nbsp;InitAxis3
</UL>

<P><STRONG><a name="[c1]"></a>acc_read</STRONG> (Thumb, 118 bytes, Stack size 24 bytes, acc.o(.text))
<BR><BR>[Stack]<UL><LI>Max Depth = 52<LI>Call Chain = acc_read &rArr; getStatus &rArr; I2CWrite &rArr; I2CEngine
</UL>
<BR>[Calls]<UL><LI><a href="#[bd]">&gt;&gt;</a>&nbsp;&nbsp;&nbsp;getStatus
<LI><a href="#[ad]">&gt;&gt;</a>&nbsp;&nbsp;&nbsp;I2CWrite
<LI><a href="#[ae]">&gt;&gt;</a>&nbsp;&nbsp;&nbsp;I2CRead
</UL>
<BR>[Called By]<UL><LI><a href="#[42]">&gt;&gt;</a>&nbsp;&nbsp;&nbsp;ScanAxis3
</UL>

<P><STRONG><a name="[c2]"></a>acc_setRange</STRONG> (Thumb, 34 bytes, Stack size 16 bytes, acc.o(.text), UNUSED)
<BR><BR>[Calls]<UL><LI><a href="#[bf]">&gt;&gt;</a>&nbsp;&nbsp;&nbsp;setModeControl
<LI><a href="#[be]">&gt;&gt;</a>&nbsp;&nbsp;&nbsp;getModeControl
</UL>

<P><STRONG><a name="[c3]"></a>acc_setMode</STRONG> (Thumb, 30 bytes, Stack size 16 bytes, acc.o(.text), UNUSED)
<BR><BR>[Calls]<UL><LI><a href="#[bf]">&gt;&gt;</a>&nbsp;&nbsp;&nbsp;setModeControl
<LI><a href="#[be]">&gt;&gt;</a>&nbsp;&nbsp;&nbsp;getModeControl
</UL>

<P><STRONG><a name="[c4]"></a>DealAxis3</STRONG> (Thumb, 844 bytes, Stack size 64 bytes, acc.o(.text))
<BR><BR>[Stack]<UL><LI>Max Depth = 272<LI>Call Chain = DealAxis3 &rArr; asin &rArr; __kernel_poly &rArr; __aeabi_dmul &rArr; _double_epilogue &rArr; __aeabi_llsr
</UL>
<BR>[Calls]<UL><LI><a href="#[c5]">&gt;&gt;</a>&nbsp;&nbsp;&nbsp;__aeabi_i2f
<LI><a href="#[c6]">&gt;&gt;</a>&nbsp;&nbsp;&nbsp;__aeabi_fmul
<LI><a href="#[c8]">&gt;&gt;</a>&nbsp;&nbsp;&nbsp;__aeabi_fdiv
<LI><a href="#[c7]">&gt;&gt;</a>&nbsp;&nbsp;&nbsp;__aeabi_d2f
<LI><a href="#[65]">&gt;&gt;</a>&nbsp;&nbsp;&nbsp;__aeabi_f2d
<LI><a href="#[61]">&gt;&gt;</a>&nbsp;&nbsp;&nbsp;__aeabi_dmul
<LI><a href="#[62]">&gt;&gt;</a>&nbsp;&nbsp;&nbsp;__aeabi_ddiv
<LI><a href="#[c9]">&gt;&gt;</a>&nbsp;&nbsp;&nbsp;asin
</UL>
<BR>[Called By]<UL><LI><a href="#[42]">&gt;&gt;</a>&nbsp;&nbsp;&nbsp;ScanAxis3
</UL>

<P><STRONG><a name="[42]"></a>ScanAxis3</STRONG> (Thumb, 228 bytes, Stack size 16 bytes, acc.o(.text))
<BR><BR>[Stack]<UL><LI>Max Depth = 288<LI>Call Chain = ScanAxis3 &rArr; DealAxis3 &rArr; asin &rArr; __kernel_poly &rArr; __aeabi_dmul &rArr; _double_epilogue &rArr; __aeabi_llsr
</UL>
<BR>[Calls]<UL><LI><a href="#[c4]">&gt;&gt;</a>&nbsp;&nbsp;&nbsp;DealAxis3
<LI><a href="#[c1]">&gt;&gt;</a>&nbsp;&nbsp;&nbsp;acc_read
<LI><a href="#[35]">&gt;&gt;</a>&nbsp;&nbsp;&nbsp;__aeabi_idivmod
</UL>
<BR>[Called By]<UL><LI><a href="#[30]">&gt;&gt;</a>&nbsp;&nbsp;&nbsp;ScanAllSensor
</UL>

<P><STRONG><a name="[3b]"></a>InitAxis3</STRONG> (Thumb, 46 bytes, Stack size 8 bytes, acc.o(.text))
<BR><BR>[Stack]<UL><LI>Max Depth = 52<LI>Call Chain = InitAxis3 &rArr; acc_init &rArr; setModeControl &rArr; I2CWrite &rArr; I2CEngine
</UL>
<BR>[Calls]<UL><LI><a href="#[c0]">&gt;&gt;</a>&nbsp;&nbsp;&nbsp;acc_init
</UL>
<BR>[Called By]<UL><LI><a href="#[2c]">&gt;&gt;</a>&nbsp;&nbsp;&nbsp;InitAllSensor
</UL>

<P><STRONG><a name="[cc]"></a>RFID_CheckSum</STRONG> (Thumb, 32 bytes, Stack size 0 bytes, rfid.o(.text), UNUSED)
<BR><BR>[Called By]<UL><LI><a href="#[cb]">&gt;&gt;</a>&nbsp;&nbsp;&nbsp;RFID_Operate
</UL>

<P><STRONG><a name="[cb]"></a>RFID_Operate</STRONG> (Thumb, 254 bytes, Stack size 32 bytes, rfid.o(.text), UNUSED)
<BR><BR>[Calls]<UL><LI><a href="#[cc]">&gt;&gt;</a>&nbsp;&nbsp;&nbsp;RFID_CheckSum
<LI><a href="#[ca]">&gt;&gt;</a>&nbsp;&nbsp;&nbsp;SPI0_Send
<LI><a href="#[cd]">&gt;&gt;</a>&nbsp;&nbsp;&nbsp;Delay_ms
<LI><a href="#[58]">&gt;&gt;</a>&nbsp;&nbsp;&nbsp;SPI_Init
</UL>

<P><STRONG><a name="[43]"></a>ScanRfid</STRONG> (Thumb, 76 bytes, Stack size 8 bytes, rfid.o(.text))
<BR><BR>[Stack]<UL><LI>Max Depth = 8<LI>Call Chain = ScanRfid
</UL>
<BR>[Calls]<UL><LI><a href="#[79]">&gt;&gt;</a>&nbsp;&nbsp;&nbsp;GPIOGetValue
</UL>
<BR>[Called By]<UL><LI><a href="#[30]">&gt;&gt;</a>&nbsp;&nbsp;&nbsp;ScanAllSensor
</UL>

<P><STRONG><a name="[3d]"></a>InitRfid</STRONG> (Thumb, 30 bytes, Stack size 8 bytes, rfid.o(.text))
<BR><BR>[Stack]<UL><LI>Max Depth = 20<LI>Call Chain = InitRfid &rArr; GPIOSetValue
</UL>
<BR>[Calls]<UL><LI><a href="#[71]">&gt;&gt;</a>&nbsp;&nbsp;&nbsp;GPIOSetValue
<LI><a href="#[70]">&gt;&gt;</a>&nbsp;&nbsp;&nbsp;GPIOSetDir
</UL>
<BR>[Called By]<UL><LI><a href="#[2c]">&gt;&gt;</a>&nbsp;&nbsp;&nbsp;InitAllSensor
</UL>

<P><STRONG><a name="[ce]"></a>SPI752_RegRead</STRONG> (Thumb, 58 bytes, Stack size 16 bytes, spi_uart.o(.text))
<BR><BR>[Stack]<UL><LI>Max Depth = 28<LI>Call Chain = SPI752_RegRead &rArr; GPIOSetValue
</UL>
<BR>[Calls]<UL><LI><a href="#[7d]">&gt;&gt;</a>&nbsp;&nbsp;&nbsp;SPI_PutGet
<LI><a href="#[71]">&gt;&gt;</a>&nbsp;&nbsp;&nbsp;GPIOSetValue
</UL>
<BR>[Called By]<UL><LI><a href="#[d2]">&gt;&gt;</a>&nbsp;&nbsp;&nbsp;SPI752_PutChar
<LI><a href="#[6f]">&gt;&gt;</a>&nbsp;&nbsp;&nbsp;ZigBee_IRQ_Process
<LI><a href="#[59]">&gt;&gt;</a>&nbsp;&nbsp;&nbsp;SPI752_Init
</UL>

<P><STRONG><a name="[6f]"></a>ZigBee_IRQ_Process</STRONG> (Thumb, 136 bytes, Stack size 8 bytes, spi_uart.o(.text))
<BR><BR>[Stack]<UL><LI>Max Depth = 36<LI>Call Chain = ZigBee_IRQ_Process &rArr; SPI752_RegRead &rArr; GPIOSetValue
</UL>
<BR>[Calls]<UL><LI><a href="#[ce]">&gt;&gt;</a>&nbsp;&nbsp;&nbsp;SPI752_RegRead
</UL>
<BR>[Called By]<UL><LI><a href="#[1a]">&gt;&gt;</a>&nbsp;&nbsp;&nbsp;PIOINT3_IRQHandler
</UL>

<P><STRONG><a name="[cf]"></a>SPI752_RegWrite</STRONG> (Thumb, 52 bytes, Stack size 16 bytes, spi_uart.o(.text))
<BR><BR>[Stack]<UL><LI>Max Depth = 28<LI>Call Chain = SPI752_RegWrite &rArr; GPIOSetValue
</UL>
<BR>[Calls]<UL><LI><a href="#[7d]">&gt;&gt;</a>&nbsp;&nbsp;&nbsp;SPI_PutGet
<LI><a href="#[71]">&gt;&gt;</a>&nbsp;&nbsp;&nbsp;GPIOSetValue
</UL>
<BR>[Called By]<UL><LI><a href="#[d2]">&gt;&gt;</a>&nbsp;&nbsp;&nbsp;SPI752_PutChar
<LI><a href="#[59]">&gt;&gt;</a>&nbsp;&nbsp;&nbsp;SPI752_Init
</UL>

<P><STRONG><a name="[59]"></a>SPI752_Init</STRONG> (Thumb, 216 bytes, Stack size 24 bytes, spi_uart.o(.text))
<BR><BR>[Stack]<UL><LI>Max Depth = 52<LI>Call Chain = SPI752_Init &rArr; SPI752_RegWrite &rArr; GPIOSetValue
</UL>
<BR>[Calls]<UL><LI><a href="#[d0]">&gt;&gt;</a>&nbsp;&nbsp;&nbsp;GPIOSetInterrupt
<LI><a href="#[d1]">&gt;&gt;</a>&nbsp;&nbsp;&nbsp;GPIOIntEnable
<LI><a href="#[cf]">&gt;&gt;</a>&nbsp;&nbsp;&nbsp;SPI752_RegWrite
<LI><a href="#[ce]">&gt;&gt;</a>&nbsp;&nbsp;&nbsp;SPI752_RegRead
<LI><a href="#[70]">&gt;&gt;</a>&nbsp;&nbsp;&nbsp;GPIOSetDir
<LI><a href="#[5f]">&gt;&gt;</a>&nbsp;&nbsp;&nbsp;__aeabi_uidivmod
</UL>
<BR>[Called By]<UL><LI><a href="#[49]">&gt;&gt;</a>&nbsp;&nbsp;&nbsp;InitZigbee
</UL>

<P><STRONG><a name="[d2]"></a>SPI752_PutChar</STRONG> (Thumb, 34 bytes, Stack size 16 bytes, spi_uart.o(.text))
<BR><BR>[Stack]<UL><LI>Max Depth = 44<LI>Call Chain = SPI752_PutChar &rArr; SPI752_RegWrite &rArr; GPIOSetValue
</UL>
<BR>[Calls]<UL><LI><a href="#[cf]">&gt;&gt;</a>&nbsp;&nbsp;&nbsp;SPI752_RegWrite
<LI><a href="#[ce]">&gt;&gt;</a>&nbsp;&nbsp;&nbsp;SPI752_RegRead
</UL>
<BR>[Called By]<UL><LI><a href="#[d5]">&gt;&gt;</a>&nbsp;&nbsp;&nbsp;ZigBee_PutString
<LI><a href="#[d4]">&gt;&gt;</a>&nbsp;&nbsp;&nbsp;RS485_PutString
<LI><a href="#[d3]">&gt;&gt;</a>&nbsp;&nbsp;&nbsp;RS485_PutChar
<LI><a href="#[56]">&gt;&gt;</a>&nbsp;&nbsp;&nbsp;ZigBee_PutChar
</UL>

<P><STRONG><a name="[d3]"></a>RS485_PutChar</STRONG> (Thumb, 14 bytes, Stack size 8 bytes, spi_uart.o(.text), UNUSED)
<BR><BR>[Calls]<UL><LI><a href="#[d2]">&gt;&gt;</a>&nbsp;&nbsp;&nbsp;SPI752_PutChar
</UL>

<P><STRONG><a name="[d4]"></a>RS485_PutString</STRONG> (Thumb, 24 bytes, Stack size 8 bytes, spi_uart.o(.text), UNUSED)
<BR><BR>[Calls]<UL><LI><a href="#[d2]">&gt;&gt;</a>&nbsp;&nbsp;&nbsp;SPI752_PutChar
</UL>

<P><STRONG><a name="[56]"></a>ZigBee_PutChar</STRONG> (Thumb, 14 bytes, Stack size 8 bytes, spi_uart.o(.text))
<BR><BR>[Stack]<UL><LI>Max Depth = 52<LI>Call Chain = ZigBee_PutChar &rArr; SPI752_PutChar &rArr; SPI752_RegWrite &rArr; GPIOSetValue
</UL>
<BR>[Calls]<UL><LI><a href="#[d2]">&gt;&gt;</a>&nbsp;&nbsp;&nbsp;SPI752_PutChar
</UL>
<BR>[Called By]<UL><LI><a href="#[55]">&gt;&gt;</a>&nbsp;&nbsp;&nbsp;ZigbeeSend
</UL>

<P><STRONG><a name="[d5]"></a>ZigBee_PutString</STRONG> (Thumb, 24 bytes, Stack size 8 bytes, spi_uart.o(.text), UNUSED)
<BR><BR>[Calls]<UL><LI><a href="#[d2]">&gt;&gt;</a>&nbsp;&nbsp;&nbsp;SPI752_PutChar
</UL>

<P><STRONG><a name="[d7]"></a>SPI752_GetChar</STRONG> (Thumb, 102 bytes, Stack size 0 bytes, spi_uart.o(.text))
<BR><BR>[Called By]<UL><LI><a href="#[d6]">&gt;&gt;</a>&nbsp;&nbsp;&nbsp;RS485_GetChar
<LI><a href="#[54]">&gt;&gt;</a>&nbsp;&nbsp;&nbsp;ZigBee_GetChar
</UL>

<P><STRONG><a name="[d6]"></a>RS485_GetChar</STRONG> (Thumb, 14 bytes, Stack size 8 bytes, spi_uart.o(.text), UNUSED)
<BR><BR>[Calls]<UL><LI><a href="#[d7]">&gt;&gt;</a>&nbsp;&nbsp;&nbsp;SPI752_GetChar
</UL>

<P><STRONG><a name="[54]"></a>ZigBee_GetChar</STRONG> (Thumb, 14 bytes, Stack size 8 bytes, spi_uart.o(.text))
<BR><BR>[Stack]<UL><LI>Max Depth = 8<LI>Call Chain = ZigBee_GetChar
</UL>
<BR>[Calls]<UL><LI><a href="#[d7]">&gt;&gt;</a>&nbsp;&nbsp;&nbsp;SPI752_GetChar
</UL>
<BR>[Called By]<UL><LI><a href="#[53]">&gt;&gt;</a>&nbsp;&nbsp;&nbsp;ZigbeeRecv
</UL>

<P><STRONG><a name="[40]"></a>ScanMyAdc</STRONG> (Thumb, 106 bytes, Stack size 16 bytes, myadc.o(.text))
<BR><BR>[Stack]<UL><LI>Max Depth = 28<LI>Call Chain = ScanMyAdc &rArr; ADCRead
</UL>
<BR>[Calls]<UL><LI><a href="#[d8]">&gt;&gt;</a>&nbsp;&nbsp;&nbsp;ADCRead
<LI><a href="#[5f]">&gt;&gt;</a>&nbsp;&nbsp;&nbsp;__aeabi_uidivmod
</UL>
<BR>[Called By]<UL><LI><a href="#[30]">&gt;&gt;</a>&nbsp;&nbsp;&nbsp;ScanAllSensor
</UL>

<P><STRONG><a name="[38]"></a>InitMyAdc</STRONG> (Thumb, 24 bytes, Stack size 8 bytes, myadc.o(.text))
<BR><BR>[Stack]<UL><LI>Max Depth = 36<LI>Call Chain = InitMyAdc &rArr; ADCInit &rArr; __aeabi_uidivmod
</UL>
<BR>[Calls]<UL><LI><a href="#[d9]">&gt;&gt;</a>&nbsp;&nbsp;&nbsp;ADCInit
</UL>
<BR>[Called By]<UL><LI><a href="#[2c]">&gt;&gt;</a>&nbsp;&nbsp;&nbsp;InitAllSensor
</UL>

<P><STRONG><a name="[da]"></a>Main_PLL_Setup</STRONG> (Thumb, 140 bytes, Stack size 0 bytes, system_lpc11xx.o(.text))
<BR><BR>[Called By]<UL><LI><a href="#[24]">&gt;&gt;</a>&nbsp;&nbsp;&nbsp;SystemInit
</UL>

<P><STRONG><a name="[24]"></a>SystemInit</STRONG> (Thumb, 60 bytes, Stack size 4 bytes, system_lpc11xx.o(.text))
<BR><BR>[Stack]<UL><LI>Max Depth = 4<LI>Call Chain = SystemInit
</UL>
<BR>[Calls]<UL><LI><a href="#[da]">&gt;&gt;</a>&nbsp;&nbsp;&nbsp;Main_PLL_Setup
</UL>
<BR>[Called By]<UL><LI><a href="#[23]">&gt;&gt;</a>&nbsp;&nbsp;&nbsp;InitSys
</UL>

<P><STRONG><a name="[25]"></a>GPIOInit</STRONG> (Thumb, 40 bytes, Stack size 8 bytes, gpio.o(.text))
<BR><BR>[Stack]<UL><LI>Max Depth = 8<LI>Call Chain = GPIOInit
[...]
<LI><a href="#[5d]">&gt;&gt;</a>&nbsp;&nbsp;&nbsp;RefreshEnvDisp
</UL>

<P><STRONG><a name="[c7]"></a>__aeabi_d2f</STRONG> (Thumb, 56 bytes, Stack size 8 bytes, d2f.o(.text))
<BR><BR>[Stack]<UL><LI>Max Depth = 8<LI>Call Chain = __aeabi_d2f
</UL>
<BR>[Calls]<UL><LI><a href="#[f2]">&gt;&gt;</a>&nbsp;&nbsp;&nbsp;_float_round
</UL>
<BR>[Called By]<UL><LI><a href="#[c4]">&gt;&gt;</a>&nbsp;&nbsp;&nbsp;DealAxis3
</UL>

<P><STRONG><a name="[64]"></a>__aeabi_cfrcmple</STRONG> (Thumb, 20 bytes, Stack size 0 bytes, cfrcmple.o(.text))
<BR><BR>[Called By]<UL><LI><a href="#[5d]">&gt;&gt;</a>&nbsp;&nbsp;&nbsp;RefreshEnvDisp
</UL>

<P><STRONG><a name="[f7]"></a>__aeabi_uldivmod</STRONG> (Thumb, 96 bytes, Stack size 48 bytes, uldiv.o(.text), UNUSED)
<BR><BR>[Calls]<UL><LI><a href="#[f6]">&gt;&gt;</a>&nbsp;&nbsp;&nbsp;__aeabi_llsr
<LI><a href="#[f8]">&gt;&gt;</a>&nbsp;&nbsp;&nbsp;__aeabi_llsl
</UL>
<BR>[Called By]<UL><LI><a href="#[102]">&gt;&gt;</a>&nbsp;&nbsp;&nbsp;_printf_core
<LI><a href="#[107]">&gt;&gt;</a>&nbsp;&nbsp;&nbsp;_fp_digits
</UL>

<P><STRONG><a name="[f6]"></a>__aeabi_llsr</STRONG> (Thumb, 34 bytes, Stack size 8 bytes, llushr.o(.text))
<BR><BR>[Stack]<UL><LI>Max Depth = 8<LI>Call Chain = __aeabi_llsr
</UL>
<BR>[Called By]<UL><LI><a href="#[63]">&gt;&gt;</a>&nbsp;&nbsp;&nbsp;__aeabi_d2uiz
<LI><a href="#[f7]">&gt;&gt;</a>&nbsp;&nbsp;&nbsp;__aeabi_uldivmod
<LI><a href="#[100]">&gt;&gt;</a>&nbsp;&nbsp;&nbsp;_dsqrt
<LI><a href="#[f3]">&gt;&gt;</a>&nbsp;&nbsp;&nbsp;_double_epilogue
<LI><a href="#[fe]">&gt;&gt;</a>&nbsp;&nbsp;&nbsp;__aeabi_d2ulz
</UL>

<P><STRONG><a name="[123]"></a>_ll_ushift_r</STRONG> (Thumb, 0 bytes, Stack size 8 bytes, llushr.o(.text), UNUSED)

<P><STRONG><a name="[f2]"></a>_float_round</STRONG> (Thumb, 16 bytes, Stack size 0 bytes, fepilogue.o(.text))
<BR><BR>[Called By]<UL><LI><a href="#[c8]">&gt;&gt;</a>&nbsp;&nbsp;&nbsp;__aeabi_fdiv
<LI><a href="#[c7]">&gt;&gt;</a>&nbsp;&nbsp;&nbsp;__aeabi_d2f
</UL>

<P><STRONG><a name="[f5]"></a>_float_epilogue</STRONG> (Thumb, 116 bytes, Stack size 12 bytes, fepilogue.o(.text))
<BR><BR>[Stack]<UL><LI>Max Depth = 12<LI>Call Chain = _float_epilogue
</UL>
<BR>[Called By]<UL><LI><a href="#[c5]">&gt;&gt;</a>&nbsp;&nbsp;&nbsp;__aeabi_i2f
</UL>

<P><STRONG><a name="[f4]"></a>_double_round</STRONG> (Thumb, 26 bytes, Stack size 8 bytes, depilogue.o(.text))
<BR><BR>[Stack]<UL><LI>Max Depth = 8<LI>Call Chain = _double_round
</UL>
<BR>[Called By]<UL><LI><a href="#[62]">&gt;&gt;</a>&nbsp;&nbsp;&nbsp;__aeabi_ddiv
<LI><a href="#[100]">&gt;&gt;</a>&nbsp;&nbsp;&nbsp;_dsqrt
<LI><a href="#[f3]">&gt;&gt;</a>&nbsp;&nbsp;&nbsp;_double_epilogue
<LI><a href="#[fa]">&gt;&gt;</a>&nbsp;&nbsp;&nbsp;__aeabi_dadd
</UL>

<P><STRONG><a name="[f3]"></a>_double_epilogue</STRONG> (Thumb, 170 bytes, Stack size 48 bytes, depilogue.o(.text))
<BR><BR>[Stack]<UL><LI>Max Depth = 56<LI>Call Chain = _double_epilogue &rArr; __aeabi_llsr
</UL>
<BR>[Calls]<UL><LI><a href="#[f9]">&gt;&gt;</a>&nbsp;&nbsp;&nbsp;__ARM_clz
<LI><a href="#[f6]">&gt;&gt;</a>&nbsp;&nbsp;&nbsp;__aeabi_llsr
<LI><a href="#[f4]">&gt;&gt;</a>&nbsp;&nbsp;&nbsp;_double_round
<LI><a href="#[f8]">&gt;&gt;</a>&nbsp;&nbsp;&nbsp;__aeabi_llsl
</UL>
<BR>[Called By]<UL><LI><a href="#[60]">&gt;&gt;</a>&nbsp;&nbsp;&nbsp;__aeabi_ui2d
<LI><a href="#[61]">&gt;&gt;</a>&nbsp;&nbsp;&nbsp;__aeabi_dmul
<LI><a href="#[fa]">&gt;&gt;</a>&nbsp;&nbsp;&nbsp;__aeabi_dadd
</UL>

<P><STRONG><a name="[fa]"></a>__aeabi_dadd</STRONG> (Thumb, 326 bytes, Stack size 48 bytes, dadd.o(.text))
<BR><BR>[Stack]<UL><LI>Max Depth = 104<LI>Call Chain = __aeabi_dadd &rArr; _double_epilogue &rArr; __aeabi_llsr
</UL>
<BR>[Calls]<UL><LI><a href="#[f4]">&gt;&gt;</a>&nbsp;&nbsp;&nbsp;_double_round
<LI><a href="#[f3]">&gt;&gt;</a>&nbsp;&nbsp;&nbsp;_double_epilogue
<LI><a href="#[fb]">&gt;&gt;</a>&nbsp;&nbsp;&nbsp;__aeabi_lasr
<LI><a href="#[f8]">&gt;&gt;</a>&nbsp;&nbsp;&nbsp;__aeabi_llsl
</UL>
<BR>[Called By]<UL><LI><a href="#[104]">&gt;&gt;</a>&nbsp;&nbsp;&nbsp;__kernel_poly
<LI><a href="#[107]">&gt;&gt;</a>&nbsp;&nbsp;&nbsp;_fp_digits
<LI><a href="#[fc]">&gt;&gt;</a>&nbsp;&nbsp;&nbsp;__aeabi_dsub
<LI><a href="#[fd]">&gt;&gt;</a>&nbsp;&nbsp;&nbsp;__aeabi_drsub
<LI><a href="#[c9]">&gt;&gt;</a>&nbsp;&nbsp;&nbsp;asin
</UL>

<P><STRONG><a name="[fc]"></a>__aeabi_dsub</STRONG> (Thumb, 12 bytes, Stack size 8 bytes, dadd.o(.text))
<BR><BR>[Stack]<UL><LI>Max Depth = 112<LI>Call Chain = __aeabi_dsub &rArr; __aeabi_dadd &rArr; _double_epilogue &rArr; __aeabi_llsr
</UL>
<BR>[Calls]<UL><LI><a href="#[fa]">&gt;&gt;</a>&nbsp;&nbsp;&nbsp;__aeabi_dadd
</UL>
<BR>[Called By]<UL><LI><a href="#[c9]">&gt;&gt;</a>&nbsp;&nbsp;&nbsp;asin
</UL>

<P><STRONG><a name="[fd]"></a>__aeabi_drsub</STRONG> (Thumb, 12 bytes, Stack size 8 bytes, dadd.o(.text))
<BR><BR>[Stack]<UL><LI>Max Depth = 112<LI>Call Chain = __aeabi_drsub &rArr; __aeabi_dadd &rArr; _double_epilogue &rArr; __aeabi_llsr
</UL>
<BR>[Calls]<UL><LI><a href="#[fa]">&gt;&gt;</a>&nbsp;&nbsp;&nbsp;__aeabi_dadd
</UL>
<BR>[Called By]<UL><LI><a href="#[c9]">&gt;&gt;</a>&nbsp;&nbsp;&nbsp;asin
</UL>

<P><STRONG><a name="[124]"></a>__ARM_scalbn</STRONG> (Thumb, 44 bytes, Stack size 16 bytes, dscalb.o(.text), UNUSED)

<P><STRONG><a name="[106]"></a>scalbn</STRONG> (Thumb, 0 bytes, Stack size 16 bytes, dscalb.o(.text))
<BR><BR>[Stack]<UL><LI>Max Depth = 16<LI>Call Chain = scalbn
</UL>
<BR>[Called By]<UL><LI><a href="#[105]">&gt;&gt;</a>&nbsp;&nbsp;&nbsp;__mathlib_dbl_underflow
<LI><a href="#[c9]">&gt;&gt;</a>&nbsp;&nbsp;&nbsp;asin
</UL>

<P><STRONG><a name="[fe]"></a>__aeabi_d2ulz</STRONG> (Thumb, 54 bytes, Stack size 8 bytes, dfixul.o(.text), UNUSED)
<BR><BR>[Calls]<UL><LI><a href="#[f6]">&gt;&gt;</a>&nbsp;&nbsp;&nbsp;__aeabi_llsr
<LI><a href="#[f8]">&gt;&gt;</a>&nbsp;&nbsp;&nbsp;__aeabi_llsl
</UL>
<BR>[Called By]<UL><LI><a href="#[107]">&gt;&gt;</a>&nbsp;&nbsp;&nbsp;_fp_digits
</UL>

<P><STRONG><a name="[108]"></a>__aeabi_cdrcmple</STRONG> (Thumb, 38 bytes, Stack size 0 bytes, cdrcmple.o(.text), UNUSED)
<BR><BR>[Called By]<UL><LI><a href="#[107]">&gt;&gt;</a>&nbsp;&nbsp;&nbsp;_fp_digits
</UL>

<P><STRONG><a name="[22]"></a>__scatterload</STRONG> (Thumb, 28 bytes, Stack size 0 bytes, init.o(.text))
<BR><BR>[Calls]<UL><LI><a href="#[ff]">&gt;&gt;</a>&nbsp;&nbsp;&nbsp;__main_after_scatterload
</UL>
<BR>[Called By]<UL><LI><a href="#[21]">&gt;&gt;</a>&nbsp;&nbsp;&nbsp;_main_scatterload
</UL>

<P><STRONG><a name="[125]"></a>__scatterload_rt2</STRONG> (Thumb, 0 bytes, Stack size 0 bytes, init.o(.text), UNUSED)

<P><STRONG><a name="[f8]"></a>__aeabi_llsl</STRONG> (Thumb, 32 bytes, Stack size 8 bytes, llshl.o(.text))
<BR><BR>[Stack]<UL><LI>Max Depth = 8<LI>Call Chain = __aeabi_llsl
</UL>
<BR>[Called By]<UL><LI><a href="#[f7]">&gt;&gt;</a>&nbsp;&nbsp;&nbsp;__aeabi_uldivmod
<LI><a href="#[f3]">&gt;&gt;</a>&nbsp;&nbsp;&nbsp;_double_epilogue
<LI><a href="#[fe]">&gt;&gt;</a>&nbsp;&nbsp;&nbsp;__aeabi_d2ulz
<LI><a href="#[fa]">&gt;&gt;</a>&nbsp;&nbsp;&nbsp;__aeabi_dadd
</UL>

<P><STRONG><a name="[126]"></a>_ll_shift_l</STRONG> (Thumb, 0 bytes, Stack size 8 bytes, llshl.o(.text), UNUSED)

<P><STRONG><a name="[fb]"></a>__aeabi_lasr</STRONG> (Thumb, 38 bytes, Stack size 8 bytes, llsshr.o(.text))
<BR><BR>[Stack]<UL><LI>Max Depth = 8<LI>Call Chain = __aeabi_lasr
</UL>
<BR>[Called By]<UL><LI><a href="#[fa]">&gt;&gt;</a>&nbsp;&nbsp;&nbsp;__aeabi_dadd
</UL>

<P><STRONG><a name="[127]"></a>_ll_sshift_r</STRONG> (Thumb, 0 bytes, Stack size 8 bytes, llsshr.o(.text), UNUSED)

<P><STRONG><a name="[100]"></a>_dsqrt</STRONG> (Thumb, 160 bytes, Stack size 32 bytes, dsqrt.o(.text))
<BR><BR>[Stack]<UL><LI>Max Depth = 40<LI>Call Chain = _dsqrt &rArr; __aeabi_llsr
</UL>
<BR>[Calls]<UL><LI><a href="#[f6]">&gt;&gt;</a>&nbsp;&nbsp;&nbsp;__aeabi_llsr
<LI><a href="#[f4]">&gt;&gt;</a>&nbsp;&nbsp;&nbsp;_double_round
</UL>
<BR>[Called By]<UL><LI><a href="#[10d]">&gt;&gt;</a>&nbsp;&nbsp;&nbsp;sqrt
</UL>

<P><STRONG><a name="[128]"></a>__decompress</STRONG> (Thumb, 0 bytes, Stack size unknown bytes, __dczerorl2.o(.text), UNUSED)

<P><STRONG><a name="[129]"></a>__decompress1</STRONG> (Thumb, 86 bytes, Stack size unknown bytes, __dczerorl2.o(.text), UNUSED)

<P><STRONG><a name="[101]"></a>__0snprintf</STRONG> (Thumb, 38 bytes, Stack size 32 bytes, printfa.o(i.__0snprintf), UNUSED)
<BR><BR>[Calls]<UL><LI><a href="#[102]">&gt;&gt;</a>&nbsp;&nbsp;&nbsp;_printf_core
</UL>

<P><STRONG><a name="[12a]"></a>__1snprintf</STRONG> (Thumb, 0 bytes, Stack size 32 bytes, printfa.o(i.__0snprintf), UNUSED)

<P><STRONG><a name="[66]"></a>__2snprintf</STRONG> (Thumb, 0 bytes, Stack size 32 bytes, printfa.o(i.__0snprintf))
<BR><BR>[Stack]<UL><LI>Max Depth = 32<LI>Call Chain = __2snprintf
</UL>
<BR>[Called By]<UL><LI><a href="#[5d]">&gt;&gt;</a>&nbsp;&nbsp;&nbsp;RefreshEnvDisp
</UL>

<P><STRONG><a name="[12b]"></a>__c89snprintf</STRONG> (Thumb, 0 bytes, Stack size 32 bytes, printfa.o(i.__0snprintf), UNUSED)

<P><STRONG><a name="[12c]"></a>snprintf</STRONG> (Thumb, 0 bytes, Stack size 32 bytes, printfa.o(i.__0snprintf), UNUSED)

<P><STRONG><a name="[103]"></a>__0vsnprintf</STRONG> (Thumb, 32 bytes, Stack size 24 bytes, printfa.o(i.__0vsnprintf), UNUSED)
<BR><BR>[Calls]<UL><LI><a href="#[102]">&gt;&gt;</a>&nbsp;&nbsp;&nbsp;_printf_core
</UL>

<P><STRONG><a name="[12d]"></a>__1vsnprintf</STRONG> (Thumb, 0 bytes, Stack size 24 bytes, printfa.o(i.__0vsnprintf), UNUSED)

<P><STRONG><a name="[12e]"></a>__2vsnprintf</STRONG> (Thumb, 0 bytes, Stack size 24 bytes, printfa.o(i.__0vsnprintf), UNUSED)

<P><STRONG><a name="[de]"></a>__c89vsnprintf</STRONG> (Thumb, 0 bytes, Stack size 24 bytes, printfa.o(i.__0vsnprintf), UNUSED)
<BR><BR>[Called By]<UL><LI><a href="#[dd]">&gt;&gt;</a>&nbsp;&nbsp;&nbsp;UART0_printf
</UL>

<P><STRONG><a name="[12f]"></a>vsnprintf</STRONG> (Thumb, 0 bytes, Stack size 24 bytes, printfa.o(i.__0vsnprintf), UNUSED)

<P><STRONG><a name="[f9]"></a>__ARM_clz</STRONG> (Thumb, 46 bytes, Stack size 0 bytes, depilogue.o(i.__ARM_clz))
<BR><BR>[Called By]<UL><LI><a href="#[f3]">&gt;&gt;</a>&nbsp;&nbsp;&nbsp;_double_epilogue
</UL>

<P><STRONG><a name="[e7]"></a>__ARM_common_switch8</STRONG> (Thumb, 28 bytes, Stack size 8 bytes, i2c.o(i.__ARM_common_switch8))
<BR><BR>[Stack]<UL><LI>Max Depth = 8<LI>Call Chain = __ARM_common_switch8
</UL>
<BR>[Called By]<UL><LI><a href="#[d]">&gt;&gt;</a>&nbsp;&nbsp;&nbsp;I2C_IRQHandler
</UL>

<P><STRONG><a name="[10c]"></a>__ARM_fpclassify</STRONG> (Thumb, 38 bytes, Stack size 0 bytes, fpclassify.o(i.__ARM_fpclassify))
<BR><BR>[Called By]<UL><LI><a href="#[c9]">&gt;&gt;</a>&nbsp;&nbsp;&nbsp;asin
</UL>

<P><STRONG><a name="[104]"></a>__kernel_poly</STRONG> (Thumb, 172 bytes, Stack size 24 bytes, poly.o(i.__kernel_poly))
<BR><BR>[Stack]<UL><LI>Max Depth = 152<LI>Call Chain = __kernel_poly &rArr; __aeabi_dmul &rArr; _double_epilogue &rArr; __aeabi_llsr
</UL>
<BR>[Calls]<UL><LI><a href="#[61]">&gt;&gt;</a>&nbsp;&nbsp;&nbsp;__aeabi_dmul
<LI><a href="#[fa]">&gt;&gt;</a>&nbsp;&nbsp;&nbsp;__aeabi_dadd
</UL>
<BR>[Called By]<UL><LI><a href="#[c9]">&gt;&gt;</a>&nbsp;&nbsp;&nbsp;asin
</UL>

<P><STRONG><a name="[105]"></a>__mathlib_dbl_underflow</STRONG> (Thumb, 14 bytes, Stack size 8 bytes, dunder.o(i.__mathlib_dbl_underflow))
<BR><BR>[Stack]<UL><LI>Max Depth = 24<LI>Call Chain = __mathlib_dbl_underflow &rArr; scalbn
</UL>
<BR>[Calls]<UL><LI><a href="#[106]">&gt;&gt;</a>&nbsp;&nbsp;&nbsp;scalbn
</UL>
<BR>[Called By]<UL><LI><a href="#[c9]">&gt;&gt;</a>&nbsp;&nbsp;&nbsp;asin
</UL>

<P><STRONG><a name="[130]"></a>__scatterload_copy</STRONG> (Thumb, 14 bytes, Stack size unknown bytes, handlers.o(i.__scatterload_copy), UNUSED)

<P><STRONG><a name="[131]"></a>__scatterload_zeroinit</STRONG> (Thumb, 14 bytes, Stack size unknown bytes, handlers.o(i.__scatterload_zeroinit), UNUSED)

<P><STRONG><a name="[10b]"></a>__set_errno</STRONG> (Thumb, 6 bytes, Stack size 0 bytes, errno.o(i.__set_errno))
<BR><BR>[Called By]<UL><LI><a href="#[10d]">&gt;&gt;</a>&nbsp;&nbsp;&nbsp;sqrt
<LI><a href="#[c9]">&gt;&gt;</a>&nbsp;&nbsp;&nbsp;asin
</UL>

<P><STRONG><a name="[c9]"></a>asin</STRONG> (Thumb, 578 bytes, Stack size 56 bytes, asin.o(i.asin))
<BR><BR>[Stack]<UL><LI>Max Depth = 208<LI>Call Chain = asin &rArr; __kernel_poly &rArr; __aeabi_dmul &rArr; _double_epilogue &rArr; __aeabi_llsr
</UL>
<BR>[Calls]<UL><LI><a href="#[61]">&gt;&gt;</a>&nbsp;&nbsp;&nbsp;__aeabi_dmul
<LI><a href="#[62]">&gt;&gt;</a>&nbsp;&nbsp;&nbsp;__aeabi_ddiv
<LI><a href="#[10b]">&gt;&gt;</a>&nbsp;&nbsp;&nbsp;__set_errno
<LI><a href="#[10d]">&gt;&gt;</a>&nbsp;&nbsp;&nbsp;sqrt
<LI><a href="#[104]">&gt;&gt;</a>&nbsp;&nbsp;&nbsp;__kernel_poly
<LI><a href="#[10c]">&gt;&gt;</a>&nbsp;&nbsp;&nbsp;__ARM_fpclassify
<LI><a href="#[105]">&gt;&gt;</a>&nbsp;&nbsp;&nbsp;__mathlib_dbl_underflow
<LI><a href="#[106]">&gt;&gt;</a>&nbsp;&nbsp;&nbsp;scalbn
<LI><a href="#[fc]">&gt;&gt;</a>&nbsp;&nbsp;&nbsp;__aeabi_dsub
<LI><a href="#[fd]">&gt;&gt;</a>&nbsp;&nbsp;&nbsp;__aeabi_drsub
<LI><a href="#[fa]">&gt;&gt;</a>&nbsp;&nbsp;&nbsp;__aeabi_dadd
</UL>
<BR>[Called By]<UL><LI><a href="#[c4]">&gt;&gt;</a>&nbsp;&nbsp;&nbsp;DealAxis3
</UL>

<P><STRONG><a name="[10d]"></a>sqrt</STRONG> (Thumb, 62 bytes, Stack size 24 bytes, sqrt.o(i.sqrt))
<BR><BR>[Stack]<UL><LI>Max Depth = 64<LI>Call Chain = sqrt &rArr; _dsqrt &rArr; __aeabi_llsr
</UL>
<BR>[Calls]<UL><LI><a href="#[10b]">&gt;&gt;</a>&nbsp;&nbsp;&nbsp;__set_errno
<LI><a href="#[100]">&gt;&gt;</a>&nbsp;&nbsp;&nbsp;_dsqrt
</UL>
<BR>[Called By]<UL><LI><a href="#[c9]">&gt;&gt;</a>&nbsp;&nbsp;&nbsp;asin
</UL>
<P>
<H3>
Local Symbols
</H3>
<P><STRONG><a name="[28]"></a>NVIC_SetPriority</STRONG> (Thumb, 110 bytes, Stack size 8 bytes, main.o(.text))
<BR><BR>[Stack]<UL><LI>Max Depth = 8<LI>Call Chain = NVIC_SetPriority
</UL>
<BR>[Called By]<UL><LI><a href="#[23]">&gt;&gt;</a>&nbsp;&nbsp;&nbsp;InitSys
</UL>

<P><STRONG><a name="[72]"></a>NVIC_SetPriority</STRONG> (Thumb, 110 bytes, Stack size 8 bytes, led_spk_fan.o(.text))
<BR><BR>[Stack]<UL><LI>Max Depth = 8<LI>Call Chain = NVIC_SetPriority
</UL>
<BR>[Called By]<UL><LI><a href="#[46]">&gt;&gt;</a>&nbsp;&nbsp;&nbsp;InitSpeaker
<LI><a href="#[45]">&gt;&gt;</a>&nbsp;&nbsp;&nbsp;InitFan
</UL>

<P><STRONG><a name="[ac]"></a>readCommandReg</STRONG> (Thumb, 32 bytes, Stack size 8 bytes, light.o(.text))
<BR><BR>[Stack]<UL><LI>Max Depth = 28<LI>Call Chain = readCommandReg &rArr; I2CWrite &rArr; I2CEngine
</UL>
<BR>[Calls]<UL><LI><a href="#[ad]">&gt;&gt;</a>&nbsp;&nbsp;&nbsp;I2CWrite
<LI><a href="#[ae]">&gt;&gt;</a>&nbsp;&nbsp;&nbsp;I2CRead
</UL>
<BR>[Called By]<UL><LI><a href="#[ba]">&gt;&gt;</a>&nbsp;&nbsp;&nbsp;light_shutdown
<LI><a href="#[b3]">&gt;&gt;</a>&nbsp;&nbsp;&nbsp;light_setWidth
<LI><a href="#[b2]">&gt;&gt;</a>&nbsp;&nbsp;&nbsp;light_setMode
</UL>

<P><STRONG><a name="[af]"></a>readControlReg</STRONG> (Thumb, 32 bytes, Stack size 8 bytes, light.o(.text))
<BR><BR>[Stack]<UL><LI>Max Depth = 28<LI>Call Chain = readControlReg &rArr; I2CWrite &rArr; I2CEngine
</UL>
<BR>[Calls]<UL><LI><a href="#[ad]">&gt;&gt;</a>&nbsp;&nbsp;&nbsp;I2CWrite
<LI><a href="#[ae]">&gt;&gt;</a>&nbsp;&nbsp;&nbsp;I2CRead
</UL>
<BR>[Called By]<UL><LI><a href="#[b9]">&gt;&gt;</a>&nbsp;&nbsp;&nbsp;light_clearIrqStatus
<LI><a href="#[b8]">&gt;&gt;</a>&nbsp;&nbsp;&nbsp;light_getIrqStatus
<LI><a href="#[b7]">&gt;&gt;</a>&nbsp;&nbsp;&nbsp;light_setIrqInCycles
<LI><a href="#[b4]">&gt;&gt;</a>&nbsp;&nbsp;&nbsp;light_setRange
</UL>

<P><STRONG><a name="[bd]"></a>getStatus</STRONG> (Thumb, 32 bytes, Stack size 8 bytes, acc.o(.text))
<BR><BR>[Stack]<UL><LI>Max Depth = 28<LI>Call Chain = getStatus &rArr; I2CWrite &rArr; I2CEngine
</UL>
<BR>[Calls]<UL><LI><a href="#[ad]">&gt;&gt;</a>&nbsp;&nbsp;&nbsp;I2CWrite
<LI><a href="#[ae]">&gt;&gt;</a>&nbsp;&nbsp;&nbsp;I2CRead
</UL>
<BR>[Called By]<UL><LI><a href="#[c1]">&gt;&gt;</a>&nbsp;&nbsp;&nbsp;acc_read
</UL>

<P><STRONG><a name="[be]"></a>getModeControl</STRONG> (Thumb, 32 bytes, Stack size 8 bytes, acc.o(.text), UNUSED)
<BR><BR>[Calls]<UL><LI><a href="#[ad]">&gt;&gt;</a>&nbsp;&nbsp;&nbsp;I2CWrite
<LI><a href="#[ae]">&gt;&gt;</a>&nbsp;&nbsp;&nbsp;I2CRead
</UL>
<BR>[Called By]<UL><LI><a href="#[c3]">&gt;&gt;</a>&nbsp;&nbsp;&nbsp;acc_setMode
<LI><a href="#[c2]">&gt;&gt;</a>&nbsp;&nbsp;&nbsp;acc_setRange
</UL>

<P><STRONG><a name="[bf]"></a>setModeControl</STRONG> (Thumb, 24 bytes, Stack size 16 bytes, acc.o(.text))
<BR><BR>[Stack]<UL><LI>Max Depth = 36<LI>Call Chain = setModeControl &rArr; I2CWrite &rArr; I2CEngine
</UL>
<BR>[Calls]<UL><LI><a href="#[ad]">&gt;&gt;</a>&nbsp;&nbsp;&nbsp;I2CWrite
</UL>
<BR>[Called By]<UL><LI><a href="#[c3]">&gt;&gt;</a>&nbsp;&nbsp;&nbsp;acc_setMode
<LI><a href="#[c2]">&gt;&gt;</a>&nbsp;&nbsp;&nbsp;acc_setRange
<LI><a href="#[c0]">&gt;&gt;</a>&nbsp;&nbsp;&nbsp;acc_init
</UL>

<P><STRONG><a name="[ca]"></a>SPI0_Send</STRONG> (Thumb, 100 bytes, Stack size 16 bytes, rfid.o(.text), UNUSED)
<BR><BR>[Calls]<UL><LI><a href="#[71]">&gt;&gt;</a>&nbsp;&nbsp;&nbsp;GPIOSetValue
</UL>
<BR>[Called By]<UL><LI><a href="#[cb]">&gt;&gt;</a>&nbsp;&nbsp;&nbsp;RFID_Operate
</UL>

<P><STRONG><a name="[db]"></a>NVIC_EnableIRQ</STRONG> (Thumb, 14 bytes, Stack size 0 bytes, gpio.o(.text))
<BR><BR>[Called By]<UL><LI><a href="#[25]">&gt;&gt;</a>&nbsp;&nbsp;&nbsp;GPIOInit
</UL>

<P><STRONG><a name="[e1]"></a>NVIC_EnableIRQ</STRONG> (Thumb, 14 bytes, Stack size 0 bytes, timer32.o(.text))
<BR><BR>[Called By]<UL><LI><a href="#[e2]">&gt;&gt;</a>&nbsp;&nbsp;&nbsp;init_timer32_a1
<LI><a href="#[27]">&gt;&gt;</a>&nbsp;&nbsp;&nbsp;init_timer32
</UL>

<P><STRONG><a name="[e6]"></a>NVIC_EnableIRQ</STRONG> (Thumb, 14 bytes, Stack size 0 bytes, ssp.o(.text))
<BR><BR>[Called By]<UL><LI><a href="#[58]">&gt;&gt;</a>&nbsp;&nbsp;&nbsp;SPI_Init
<LI><a href="#[e5]">&gt;&gt;</a>&nbsp;&nbsp;&nbsp;SSP_Init
</UL>

<P><STRONG><a name="[ed]"></a>NVIC_EnableIRQ</STRONG> (Thumb, 66 bytes, Stack size 0 bytes, timer16.o(.text))
<BR><BR>[Called By]<UL><LI><a href="#[75]">&gt;&gt;</a>&nbsp;&nbsp;&nbsp;init_timer16
<LI><a href="#[ee]">&gt;&gt;</a>&nbsp;&nbsp;&nbsp;init_timer16PWM
</UL>

<P><STRONG><a name="[107]"></a>_fp_digits</STRONG> (Thumb, 312 bytes, Stack size 56 bytes, printfa.o(i._fp_digits), UNUSED)
<BR><BR>[Calls]<UL><LI><a href="#[61]">&gt;&gt;</a>&nbsp;&nbsp;&nbsp;__aeabi_dmul
<LI><a href="#[62]">&gt;&gt;</a>&nbsp;&nbsp;&nbsp;__aeabi_ddiv
<LI><a href="#[f7]">&gt;&gt;</a>&nbsp;&nbsp;&nbsp;__aeabi_uldivmod
<LI><a href="#[fe]">&gt;&gt;</a>&nbsp;&nbsp;&nbsp;__aeabi_d2ulz
<LI><a href="#[108]">&gt;&gt;</a>&nbsp;&nbsp;&nbsp;__aeabi_cdrcmple
<LI><a href="#[fa]">&gt;&gt;</a>&nbsp;&nbsp;&nbsp;__aeabi_dadd
</UL>
<BR>[Called By]<UL><LI><a href="#[102]">&gt;&gt;</a>&nbsp;&nbsp;&nbsp;_printf_core
</UL>

<P><STRONG><a name="[102]"></a>_printf_core</STRONG> (Thumb, 1774 bytes, Stack size 160 bytes, printfa.o(i._printf_core), UNUSED)
<BR><BR>[Calls]<UL><LI><a href="#[f7]">&gt;&gt;</a>&nbsp;&nbsp;&nbsp;__aeabi_uldivmod
<LI><a href="#[109]">&gt;&gt;</a>&nbsp;&nbsp;&nbsp;_printf_pre_padding
<LI><a href="#[10a]">&gt;&gt;</a>&nbsp;&nbsp;&nbsp;_printf_post_padding
<LI><a href="#[107]">&gt;&gt;</a>&nbsp;&nbsp;&nbsp;_fp_digits
<LI><a href="#[5f]">&gt;&gt;</a>&nbsp;&nbsp;&nbsp;__aeabi_uidivmod
</UL>
<BR>[Called By]<UL><LI><a href="#[103]">&gt;&gt;</a>&nbsp;&nbsp;&nbsp;__0vsnprintf
<LI><a href="#[101]">&gt;&gt;</a>&nbsp;&nbsp;&nbsp;__0snprintf
</UL>

<P><STRONG><a name="[10a]"></a>_printf_post_padding</STRONG> (Thumb, 32 bytes, Stack size 24 bytes, printfa.o(i._printf_post_padding), UNUSED)
<BR><BR>[Called By]<UL><LI><a href="#[102]">&gt;&gt;</a>&nbsp;&nbsp;&nbsp;_printf_core
</UL>

<P><STRONG><a name="[109]"></a>_printf_pre_padding</STRONG> (Thumb, 42 bytes, Stack size 40 bytes, printfa.o(i._printf_pre_padding), UNUSED)
<BR><BR>[Called By]<UL><LI><a href="#[102]">&gt;&gt;</a>&nbsp;&nbsp;&nbsp;_printf_core
</UL>

<P><STRONG><a name="[20]"></a>_snputc</STRONG> (Thumb, 22 bytes, Stack size 0 bytes, printfa.o(i._snputc))
<BR>[Address Reference Count : 2]<UL><LI> printfa.o(i.__0snprintf)
<LI> printfa.o(i.__0vsnprintf)
</UL><P>
<H3>
Undefined Global Symbols
</H3><HR></body></html>
